Starting project at /app
Starting Metro Bundler
Waiting on http://localhost:8081
Logs for your project will appear below.
Web node_modules/.pnpm/expo-router@4.0.17_4ac4db59f81c99dbed58bb7f7ca8960b/node_modules/expo-router/entry.js ░░░░░░░░░░░░░░░░  0.0% (0/1)
Web node_modules/.pnpm/expo-router@4.0.17_4ac4db59f81c99dbed58bb7f7ca8960b/node_modules/expo-router/entry.js ░░░░░░░░░░░░░░░░  0.0% (1/1)
λ node_modules/.pnpm/expo-router@4.0.17_4ac4db59f81c99dbed58bb7f7ca8960b/node_modules/expo-router/node/render.js ▓▓▓▓▓▓▓▓▓▓▓▓▓▓▓▓ 100.0% (108/260)
Web node_modules/.pnpm/expo-router@4.0.17_4ac4db59f81c99dbed58bb7f7ca8960b/node_modules/expo-router/entry.js ▓▓▓░░░░░░░░░░░░░ 21.1% (17/37)
λ node_modules/.pnpm/expo-router@4.0.17_4ac4db59f81c99dbed58bb7f7ca8960b/node_modules/expo-router/node/render.js ▓▓▓▓▓▓▓▓▓▓▓▓▓▓▓▓ 100.0% (437/621)
Web node_modules/.pnpm/expo-router@4.0.17_4ac4db59f81c99dbed58bb7f7ca8960b/node_modules/expo-router/entry.js ▓▓▓░░░░░░░░░░░░░ 21.1% ( 59/175)
λ node_modules/.pnpm/expo-router@4.0.17_4ac4db59f81c99dbed58bb7f7ca8960b/node_modules/expo-router/node/render.js ▓▓▓▓▓▓▓▓▓▓▓▓▓▓▓▓ 100.0% (595/769)
Web node_modules/.pnpm/expo-router@4.0.17_4ac4db59f81c99dbed58bb7f7ca8960b/node_modules/expo-router/entry.js ▓▓▓▓▓░░░░░░░░░░░ 36.4% (227/376)
λ node_modules/.pnpm/expo-router@4.0.17_4ac4db59f81c99dbed58bb7f7ca8960b/node_modules/expo-router/node/render.js ▓▓▓▓▓▓▓▓▓▓▓▓▓▓▓▓ 100.0% ( 834/1017)
Web node_modules/.pnpm/expo-router@4.0.17_4ac4db59f81c99dbed58bb7f7ca8960b/node_modules/expo-router/entry.js ▓▓▓▓▓▓░░░░░░░░░░ 43.4% (363/568)
λ node_modules/.pnpm/expo-router@4.0.17_4ac4db59f81c99dbed58bb7f7ca8960b/node_modules/expo-router/node/render.js ▓▓▓▓▓▓▓▓▓▓▓▓▓▓▓▓ 100.0% (1022/1193)
Web node_modules/.pnpm/expo-router@4.0.17_4ac4db59f81c99dbed58bb7f7ca8960b/node_modules/expo-router/entry.js ▓▓▓▓▓▓▓▓▓░░░░░░░ 57.1% (576/762)
λ node_modules/.pnpm/expo-router@4.0.17_4ac4db59f81c99dbed58bb7f7ca8960b/node_modules/expo-router/node/render.js ▓▓▓▓▓▓▓▓▓▓▓▓▓▓▓▓ 100.0% (1233/1415)
Web node_modules/.pnpm/expo-router@4.0.17_4ac4db59f81c99dbed58bb7f7ca8960b/node_modules/expo-router/entry.js ▓▓▓▓▓▓▓▓▓▓▓░░░░░ 70.7% ( 888/1056)
λ node_modules/.pnpm/expo-router@4.0.17_4ac4db59f81c99dbed58bb7f7ca8960b/node_modules/expo-router/node/render.js ▓▓▓▓▓▓▓▓▓▓▓▓▓▓▓▓ 100.0% (1445/1573)
Web node_modules/.pnpm/expo-router@4.0.17_4ac4db59f81c99dbed58bb7f7ca8960b/node_modules/expo-router/entry.js ▓▓▓▓▓▓▓▓▓▓▓▓▓░░░ 86.6% (1219/1310)
λ node_modules/.pnpm/expo-router@4.0.17_4ac4db59f81c99dbed58bb7f7ca8960b/node_modules/expo-router/node/render.js ▓▓▓▓▓▓▓▓▓▓▓▓▓▓▓▓ 100.0% (1612/1640)
λ Bundled 29462ms node_modules/.pnpm/expo-router@4.0.17_4ac4db59f81c99dbed58bb7f7ca8960b/node_modules/expo-router/node/render.js (1648 modules)
λ  ERROR  Warning: useLayoutEffect does nothing on the server, because its effect cannot be encoded into the server renderer's output format. This will lead to a mismatch between the initial, non-hydrated UI and the intended UI. To avoid this, useLayoutEffect should only be used in components that render exclusively on the client. See https://reactjs.org/link/uselayouteffect-ssr for common fixes.%s
  Screen (node_modules/.pnpm/@react-navigation+elements@2.9.3_@react-navigation+native@7.0.15_react-native@0.76.7_@b_0237228f7f6aaea362361718be625dd7/node_modules/@react-navigation/elements/lib/module/Screen.js:14:34)
  hrefAttrs (node_modules/.pnpm/react-native-web@0.19.13_react-dom@18.3.1_react@18.3.1__react@18.3.1/node_modules/react-native-web/dist/exports/View/index.js:35:24)
  FrameSizeProvider (node_modules/.pnpm/@react-navigation+elements@2.9.3_@react-navigation+native@7.0.15_react-native@0.76.7_@b_0237228f7f6aaea362361718be625dd7/node_modules/@react-navigation/elements/lib/module/useFrameSize.js:18:2)
  SafeAreaProviderCompat (node_modules/.pnpm/@react-navigation+elements@2.9.3_@react-navigation+native@7.0.15_react-native@0.76.7_@b_0237228f7f6aaea362361718be625dd7/node_modules/@react-navigation/elements/lib/module/SafeAreaProviderCompat.js:31:2)
  NativeStackView (node_modules/.pnpm/@react-navigation+native-stack@7.2.1_@react-navigation+native@7.0.15_react-native@0.76._acffa41cdd09c3e5cbcec81480cc8a96/node_modules/@react-navigation/native-stack/lib/commonjs/views/NativeStackView.js:17:2)
  PreventRemoveProvider (node_modules/.pnpm/@react-navigation+core@7.4.0_react@18.3.1/node_modules/@react-navigation/core/lib/commonjs/PreventRemoveProvider.js:38:2)
  NavigationContent (node_modules/.pnpm/@react-navigation+core@7.4.0_react@18.3.1/node_modules/@react-navigation/core/lib/commonjs/useComponent.js:12:2)
  children (node_modules/.pnpm/@react-navigation+core@7.4.0_react@18.3.1/node_modules/@react-navigation/core/lib/commonjs/useComponent.js:28:4)
  NativeStackNavigator (node_modules/.pnpm/@react-navigation+native-stack@7.2.1_@react-navigation+native@7.0.15_react-native@0.76._acffa41cdd09c3e5cbcec81480cc8a96/node_modules/@react-navigation/native-stack/lib/commonjs/navigators/createNativeStackNavigator.js:14:2)
  userDefinedChildren (node_modules/.pnpm/expo-router@4.0.17_4ac4db59f81c99dbed58bb7f7ca8960b/node_modules/expo-router/build/layouts/withLayoutContext.js:75:62)
  ThemeProvider (node_modules/.pnpm/@react-navigation+core@7.4.0_react@18.3.1/node_modules/@react-navigation/core/lib/commonjs/theming/ThemeProvider.js:13:2)
  RootLayout (app/_layout.tsx:15:36)
  Route (node_modules/.pnpm/expo-router@4.0.17_4ac4db59f81c99dbed58bb7f7ca8960b/node_modules/expo-router/build/Route.js:52:17)
  route (node_modules/.pnpm/expo-router@4.0.17_4ac4db59f81c99dbed58bb7f7ca8960b/node_modules/expo-router/build/useScreens.js:128:4)
  hrefAttrs (node_modules/.pnpm/react-native-web@0.19.13_react-dom@18.3.1_react@18.3.1__react@18.3.1/node_modules/react-native-web/dist/exports/View/index.js:35:24)
  NativeSafeAreaProvider (node_modules/.pnpm/react-native-safe-area-context@4.12.0_react-native@0.76.7_@babel+core@7.26.9_@babel+pre_3d34cde14eab38e7711a23ea2394f188/node_modules/react-native-safe-area-context/lib/commonjs/NativeSafeAreaProvider.web.js:29:2)
  SafeAreaProvider (node_modules/.pnpm/react-native-safe-area-context@4.12.0_react-native@0.76.7_@babel+core@7.26.9_@babel+pre_3d34cde14eab38e7711a23ea2394f188/node_modules/react-native-safe-area-context/lib/commonjs/SafeAreaContext.js:28:2)
  Html (node_modules/.pnpm/expo-router@4.0.17_4ac4db59f81c99dbed58bb7f7ca8960b/node_modules/expo-router/build/static/html.js:23:16)
  wrapper (node_modules/.pnpm/expo-router@4.0.17_4ac4db59f81c99dbed58bb7f7ca8960b/node_modules/expo-router/build/static/renderStaticContent.js:66:24)
  wrapper (node_modules/.pnpm/expo-router@4.0.17_4ac4db59f81c99dbed58bb7f7ca8960b/node_modules/expo-router/build/ExpoRoot.js:53:23)
  ThemeProvider (node_modules/.pnpm/@react-navigation+core@7.4.0_react@18.3.1/node_modules/@react-navigation/core/lib/commonjs/theming/ThemeProvider.js:13:2)
  EnsureSingleNavigator (node_modules/.pnpm/@react-navigation+core@7.4.0_react@18.3.1/node_modules/@react-navigation/core/lib/commonjs/EnsureSingleNavigator.js:19:2)
  BaseNavigationContainer (node_modules/.pnpm/@react-navigation+core@7.4.0_react@18.3.1/node_modules/@react-navigation/core/lib/commonjs/BaseNavigationContainer.js:79:2)
  NavigationContainerInner (node_modules/.pnpm/expo-router@4.0.17_4ac4db59f81c99dbed58bb7f7ca8960b/node_modules/expo-router/build/fork/NavigationContainer.js:32:36)
  ContextNavigator (node_modules/.pnpm/expo-router@4.0.17_4ac4db59f81c99dbed58bb7f7ca8960b/node_modules/expo-router/build/ExpoRoot.js:73:28)
  ExpoRoot (node_modules/.pnpm/expo-router@4.0.17_4ac4db59f81c99dbed58bb7f7ca8960b/node_modules/expo-router/build/ExpoRoot.js:47:29)
  AppContainer (../ shim:react-native-web/dist/exports/AppRegistry/AppContainer.js:4:24)
  ServerContainer (node_modules/.pnpm/@react-navigation+native@7.0.15_react-native@0.76.7_@babel+core@7.26.9_@babel+preset-en_7d4ae94349333a190bdc9d22bea4b579/node_modules/@react-navigation/native/lib/commonjs/ServerContainer.js:21:2)
  _HelmetProvider (node_modules/.pnpm/react-native-helmet-async@2.0.4_react@18.3.1/node_modules/react-native-helmet-async/lib/index.js:483:4)
λ  ERROR  Warning: useLayoutEffect does nothing on the server, because its effect cannot be encoded into the server renderer's output format. This will lead to a mismatch between the initial, non-hydrated UI and the intended UI. To avoid this, useLayoutEffect should only be used in components that render exclusively on the client. See https://reactjs.org/link/uselayouteffect-ssr for common fixes.%s
  Screen (node_modules/.pnpm/@react-navigation+elements@2.9.3_@react-navigation+native@7.0.15_react-native@0.76.7_@b_0237228f7f6aaea362361718be625dd7/node_modules/@react-navigation/elements/lib/module/Screen.js:14:34)
  hrefAttrs (node_modules/.pnpm/react-native-web@0.19.13_react-dom@18.3.1_react@18.3.1__react@18.3.1/node_modules/react-native-web/dist/exports/View/index.js:35:24)
  MaybeScreen (node_modules/.pnpm/@react-navigation+bottom-tabs@7.2.1_@react-navigation+native@7.0.15_react-native@0.76.7_0d02d2c85d9a2e3c9cbb8249f56f5462/node_modules/@react-navigation/bottom-tabs/lib/commonjs/views/ScreenFallback.js:35:2)
  hrefAttrs (node_modules/.pnpm/react-native-web@0.19.13_react-dom@18.3.1_react@18.3.1__react@18.3.1/node_modules/react-native-web/dist/exports/View/index.js:35:24)
  MaybeScreenContainer (node_modules/.pnpm/@react-navigation+bottom-tabs@7.2.1_@react-navigation+native@7.0.15_react-native@0.76.7_0d02d2c85d9a2e3c9cbb8249f56f5462/node_modules/@react-navigation/bottom-tabs/lib/commonjs/views/ScreenFallback.js:20:2)
  hrefAttrs (node_modules/.pnpm/react-native-web@0.19.13_react-dom@18.3.1_react@18.3.1__react@18.3.1/node_modules/react-native-web/dist/exports/View/index.js:35:24)
  FrameSizeProvider (node_modules/.pnpm/@react-navigation+elements@2.9.3_@react-navigation+native@7.0.15_react-native@0.76.7_@b_0237228f7f6aaea362361718be625dd7/node_modules/@react-navigation/elements/lib/module/useFrameSize.js:18:2)
  SafeAreaProviderCompat (node_modules/.pnpm/@react-navigation+elements@2.9.3_@react-navigation+native@7.0.15_react-native@0.76.7_@b_0237228f7f6aaea362361718be625dd7/node_modules/@react-navigation/elements/lib/module/SafeAreaProviderCompat.js:31:2)
  BottomTabView (node_modules/.pnpm/@react-navigation+bottom-tabs@7.2.1_@react-navigation+native@7.0.15_react-native@0.76.7_0d02d2c85d9a2e3c9cbb8249f56f5462/node_modules/@react-navigation/bottom-tabs/lib/commonjs/views/BottomTabView.js:54:4)
  PreventRemoveProvider (node_modules/.pnpm/@react-navigation+core@7.4.0_react@18.3.1/node_modules/@react-navigation/core/lib/commonjs/PreventRemoveProvider.js:38:2)
  NavigationContent (node_modules/.pnpm/@react-navigation+core@7.4.0_react@18.3.1/node_modules/@react-navigation/core/lib/commonjs/useComponent.js:12:2)
  children (node_modules/.pnpm/@react-navigation+core@7.4.0_react@18.3.1/node_modules/@react-navigation/core/lib/commonjs/useComponent.js:28:4)
  BottomTabNavigator (node_modules/.pnpm/@react-navigation+bottom-tabs@7.2.1_@react-navigation+native@7.0.15_react-native@0.76.7_0d02d2c85d9a2e3c9cbb8249f56f5462/node_modules/@react-navigation/bottom-tabs/lib/commonjs/navigators/createBottomTabNavigator.js:11:2)
  userDefinedChildren (node_modules/.pnpm/expo-router@4.0.17_4ac4db59f81c99dbed58bb7f7ca8960b/node_modules/expo-router/build/layouts/withLayoutContext.js:75:62)
  TabLayout (app/(tabs)/_layout.tsx:13:36)
  Route (node_modules/.pnpm/expo-router@4.0.17_4ac4db59f81c99dbed58bb7f7ca8960b/node_modules/expo-router/build/Route.js:52:17)
  route (node_modules/.pnpm/expo-router@4.0.17_4ac4db59f81c99dbed58bb7f7ca8960b/node_modules/expo-router/build/useScreens.js:128:4)
  StaticContainer (node_modules/.pnpm/@react-navigation+core@7.4.0_react@18.3.1/node_modules/@react-navigation/core/lib/commonjs/StaticContainer.js:14:15)
  EnsureSingleNavigator (node_modules/.pnpm/@react-navigation+core@7.4.0_react@18.3.1/node_modules/@react-navigation/core/lib/commonjs/EnsureSingleNavigator.js:19:2)
  SceneView (node_modules/.pnpm/@react-navigation+core@7.4.0_react@18.3.1/node_modules/@react-navigation/core/lib/commonjs/SceneView.js:20:2)
  hrefAttrs (node_modules/.pnpm/react-native-web@0.19.13_react-dom@18.3.1_react@18.3.1__react@18.3.1/node_modules/react-native-web/dist/exports/View/index.js:35:24)
  AnimatedHeaderHeightProvider (node_modules/.pnpm/@react-navigation+native-stack@7.2.1_@react-navigation+native@7.0.15_react-native@0.76._acffa41cdd09c3e5cbcec81480cc8a96/node_modules/@react-navigation/native-stack/lib/commonjs/views/NativeStackView.js:117:2)
  hrefAttrs (node_modules/.pnpm/react-native-web@0.19.13_react-dom@18.3.1_react@18.3.1__react@18.3.1/node_modules/react-native-web/dist/exports/View/index.js:35:24)
  hrefAttrs (node_modules/.pnpm/react-native-web@0.19.13_react-dom@18.3.1_react@18.3.1__react@18.3.1/node_modules/react-native-web/dist/exports/View/index.js:35:24)
  <unknown> (node_modules/.pnpm/react-native-web@0.19.13_react-dom@18.3.1_react@18.3.1__react@18.3.1/node_modules/react-native-web/dist/vendor/react-native/Animated/createAnimatedComponent.js:25:44)
  Background (node_modules/.pnpm/@react-navigation+elements@2.9.3_@react-navigation+native@7.0.15_react-native@0.76.7_@b_0237228f7f6aaea362361718be625dd7/node_modules/@react-navigation/elements/lib/module/Background.js:8:2)
  Screen (node_modules/.pnpm/@react-navigation+elements@2.9.3_@react-navigation+native@7.0.15_react-native@0.76.7_@b_0237228f7f6aaea362361718be625dd7/node_modules/@react-navigation/elements/lib/module/Screen.js:14:34)
  hrefAttrs (node_modules/.pnpm/react-native-web@0.19.13_react-dom@18.3.1_react@18.3.1__react@18.3.1/node_modules/react-native-web/dist/exports/View/index.js:35:24)
  FrameSizeProvider (node_modules/.pnpm/@react-navigation+elements@2.9.3_@react-navigation+native@7.0.15_react-native@0.76.7_@b_0237228f7f6aaea362361718be625dd7/node_modules/@react-navigation/elements/lib/module/useFrameSize.js:18:2)
  SafeAreaProviderCompat (node_modules/.pnpm/@react-navigation+elements@2.9.3_@react-navigation+native@7.0.15_react-native@0.76.7_@b_0237228f7f6aaea362361718be625dd7/node_modules/@react-navigation/elements/lib/module/SafeAreaProviderCompat.js:31:2)
  NativeStackView (node_modules/.pnpm/@react-navigation+native-stack@7.2.1_@react-navigation+native@7.0.15_react-native@0.76._acffa41cdd09c3e5cbcec81480cc8a96/node_modules/@react-navigation/native-stack/lib/commonjs/views/NativeStackView.js:17:2)
  PreventRemoveProvider (node_modules/.pnpm/@react-navigation+core@7.4.0_react@18.3.1/node_modules/@react-navigation/core/lib/commonjs/PreventRemoveProvider.js:38:2)
  NavigationContent (node_modules/.pnpm/@react-navigation+core@7.4.0_react@18.3.1/node_modules/@react-navigation/core/lib/commonjs/useComponent.js:12:2)
  children (node_modules/.pnpm/@react-navigation+core@7.4.0_react@18.3.1/node_modules/@react-navigation/core/lib/commonjs/useComponent.js:28:4)
  NativeStackNavigator (node_modules/.pnpm/@react-navigation+native-stack@7.2.1_@react-navigation+native@7.0.15_react-native@0.76._acffa41cdd09c3e5cbcec81480cc8a96/node_modules/@react-navigation/native-stack/lib/commonjs/navigators/createNativeStackNavigator.js:14:2)
  userDefinedChildren (node_modules/.pnpm/expo-router@4.0.17_4ac4db59f81c99dbed58bb7f7ca8960b/node_modules/expo-router/build/layouts/withLayoutContext.js:75:62)
  ThemeProvider (node_modules/.pnpm/@react-navigation+core@7.4.0_react@18.3.1/node_modules/@react-navigation/core/lib/commonjs/theming/ThemeProvider.js:13:2)
  RootLayout (app/_layout.tsx:15:36)
  Route (node_modules/.pnpm/expo-router@4.0.17_4ac4db59f81c99dbed58bb7f7ca8960b/node_modules/expo-router/build/Route.js:52:17)
  route (node_modules/.pnpm/expo-router@4.0.17_4ac4db59f81c99dbed58bb7f7ca8960b/node_modules/expo-router/build/useScreens.js:128:4)
  hrefAttrs (node_modules/.pnpm/react-native-web@0.19.13_react-dom@18.3.1_react@18.3.1__react@18.3.1/node_modules/react-native-web/dist/exports/View/index.js:35:24)
  NativeSafeAreaProvider (node_modules/.pnpm/react-native-safe-area-context@4.12.0_react-native@0.76.7_@babel+core@7.26.9_@babel+pre_3d34cde14eab38e7711a23ea2394f188/node_modules/react-native-safe-area-context/lib/commonjs/NativeSafeAreaProvider.web.js:29:2)
  SafeAreaProvider (node_modules/.pnpm/react-native-safe-area-context@4.12.0_react-native@0.76.7_@babel+core@7.26.9_@babel+pre_3d34cde14eab38e7711a23ea2394f188/node_modules/react-native-safe-area-context/lib/commonjs/SafeAreaContext.js:28:2)
  Html (node_modules/.pnpm/expo-router@4.0.17_4ac4db59f81c99dbed58bb7f7ca8960b/node_modules/expo-router/build/static/html.js:23:16)
  wrapper (node_modules/.pnpm/expo-router@4.0.17_4ac4db59f81c99dbed58bb7f7ca8960b/node_modules/expo-router/build/static/renderStaticContent.js:66:24)
  wrapper (node_modules/.pnpm/expo-router@4.0.17_4ac4db59f81c99dbed58bb7f7ca8960b/node_modules/expo-router/build/ExpoRoot.js:53:23)
  ThemeProvider (node_modules/.pnpm/@react-navigation+core@7.4.0_react@18.3.1/node_modules/@react-navigation/core/lib/commonjs/theming/ThemeProvider.js:13:2)
  EnsureSingleNavigator (node_modules/.pnpm/@react-navigation+core@7.4.0_react@18.3.1/node_modules/@react-navigation/core/lib/commonjs/EnsureSingleNavigator.js:19:2)
  BaseNavigationContainer (node_modules/.pnpm/@react-navigation+core@7.4.0_react@18.3.1/node_modules/@react-navigation/core/lib/commonjs/BaseNavigationContainer.js:79:2)
  NavigationContainerInner (node_modules/.pnpm/expo-router@4.0.17_4ac4db59f81c99dbed58bb7f7ca8960b/node_modules/expo-router/build/fork/NavigationContainer.js:32:36)
  ContextNavigator (node_modules/.pnpm/expo-router@4.0.17_4ac4db59f81c99dbed58bb7f7ca8960b/node_modules/expo-router/build/ExpoRoot.js:73:28)
  ExpoRoot (node_modules/.pnpm/expo-router@4.0.17_4ac4db59f81c99dbed58bb7f7ca8960b/node_modules/expo-router/build/ExpoRoot.js:47:29)
  AppContainer (../ shim:react-native-web/dist/exports/AppRegistry/AppContainer.js:4:24)
  ServerContainer (node_modules/.pnpm/@react-navigation+native@7.0.15_react-native@0.76.7_@babel+core@7.26.9_@babel+preset-en_7d4ae94349333a190bdc9d22bea4b579/node_modules/@react-navigation/native/lib/commonjs/ServerContainer.js:21:2)
  _HelmetProvider (node_modules/.pnpm/react-native-helmet-async@2.0.4_react@18.3.1/node_modules/react-native-helmet-async/lib/index.js:483:4)
λ  WARN  props.pointerEvents is deprecated. Use style.pointerEvents
Web node_modules/.pnpm/expo-router@4.0.17_4ac4db59f81c99dbed58bb7f7ca8960b/node_modules/expo-router/entry.js ▓▓▓▓▓▓▓▓▓▓▓▓▓▓░░ 93.2% (1463/1573)
Web Bundled 34561ms node_modules/.pnpm/expo-router@4.0.17_4ac4db59f81c99dbed58bb7f7ca8960b/node_modules/expo-router/entry.js (1636 modules)
Web node_modules/.pnpm/expo-router@4.0.17_4ac4db59f81c99dbed58bb7f7ca8960b/node_modules/expo-router/entry.js ▓▓▓▓▓▓░░░░░░░░░░ 38.7% (274/446)
Web node_modules/.pnpm/expo-router@4.0.17_4ac4db59f81c99dbed58bb7f7ca8960b/node_modules/expo-router/entry.js ▓▓▓▓▓▓▓▓▓▓░░░░░░ 65.1% (758/956)
Web node_modules/.pnpm/expo-router@4.0.17_4ac4db59f81c99dbed58bb7f7ca8960b/node_modules/expo-router/entry.js ▓▓▓▓▓▓▓▓▓▓▓▓▓░░░ 85.0% (1207/1356)
Web Bundled 11404ms node_modules/.pnpm/expo-router@4.0.17_4ac4db59f81c99dbed58bb7f7ca8960b/node_modules/expo-router/entry.js (1636 modules)
Web node_modules/.pnpm/expo-router@4.0.17_4ac4db59f81c99dbed58bb7f7ca8960b/node_modules/expo-router/entry.js ░░░░░░░░░░░░░░░░  0.0% (0/1)
λ Bundled 68ms node_modules/.pnpm/expo-router@4.0.17_4ac4db59f81c99dbed58bb7f7ca8960b/node_modules/expo-router/node/render.js (1 module)
λ  ERROR  Warning: useLayoutEffect does nothing on the server, because its effect cannot be encoded into the server renderer's output format. This will lead to a mismatch between the initial, non-hydrated UI and the intended UI. To avoid this, useLayoutEffect should only be used in components that render exclusively on the client. See https://reactjs.org/link/uselayouteffect-ssr for common fixes.%s
  Screen (node_modules/.pnpm/@react-navigation+elements@2.9.3_@react-navigation+native@7.0.15_react-native@0.76.7_@b_0237228f7f6aaea362361718be625dd7/node_modules/@react-navigation/elements/lib/module/Screen.js:14:34)
  hrefAttrs (node_modules/.pnpm/react-native-web@0.19.13_react-dom@18.3.1_react@18.3.1__react@18.3.1/node_modules/react-native-web/dist/exports/View/index.js:35:24)
  FrameSizeProvider (node_modules/.pnpm/@react-navigation+elements@2.9.3_@react-navigation+native@7.0.15_react-native@0.76.7_@b_0237228f7f6aaea362361718be625dd7/node_modules/@react-navigation/elements/lib/module/useFrameSize.js:18:2)
  SafeAreaProviderCompat (node_modules/.pnpm/@react-navigation+elements@2.9.3_@react-navigation+native@7.0.15_react-native@0.76.7_@b_0237228f7f6aaea362361718be625dd7/node_modules/@react-navigation/elements/lib/module/SafeAreaProviderCompat.js:31:2)
  NativeStackView (node_modules/.pnpm/@react-navigation+native-stack@7.2.1_@react-navigation+native@7.0.15_react-native@0.76._acffa41cdd09c3e5cbcec81480cc8a96/node_modules/@react-navigation/native-stack/lib/commonjs/views/NativeStackView.js:17:2)
  PreventRemoveProvider (node_modules/.pnpm/@react-navigation+core@7.4.0_react@18.3.1/node_modules/@react-navigation/core/lib/commonjs/PreventRemoveProvider.js:38:2)
  NavigationContent (node_modules/.pnpm/@react-navigation+core@7.4.0_react@18.3.1/node_modules/@react-navigation/core/lib/commonjs/useComponent.js:12:2)
  children (node_modules/.pnpm/@react-navigation+core@7.4.0_react@18.3.1/node_modules/@react-navigation/core/lib/commonjs/useComponent.js:28:4)
  NativeStackNavigator (node_modules/.pnpm/@react-navigation+native-stack@7.2.1_@react-navigation+native@7.0.15_react-native@0.76._acffa41cdd09c3e5cbcec81480cc8a96/node_modules/@react-navigation/native-stack/lib/commonjs/navigators/createNativeStackNavigator.js:14:2)
  userDefinedChildren (node_modules/.pnpm/expo-router@4.0.17_4ac4db59f81c99dbed58bb7f7ca8960b/node_modules/expo-router/build/layouts/withLayoutContext.js:75:62)
  ThemeProvider (node_modules/.pnpm/@react-navigation+core@7.4.0_react@18.3.1/node_modules/@react-navigation/core/lib/commonjs/theming/ThemeProvider.js:13:2)
  RootLayout (app/_layout.tsx:15:36)
  Route (node_modules/.pnpm/expo-router@4.0.17_4ac4db59f81c99dbed58bb7f7ca8960b/node_modules/expo-router/build/Route.js:52:17)
  route (node_modules/.pnpm/expo-router@4.0.17_4ac4db59f81c99dbed58bb7f7ca8960b/node_modules/expo-router/build/useScreens.js:128:4)
  hrefAttrs (node_modules/.pnpm/react-native-web@0.19.13_react-dom@18.3.1_react@18.3.1__react@18.3.1/node_modules/react-native-web/dist/exports/View/index.js:35:24)
  NativeSafeAreaProvider (node_modules/.pnpm/react-native-safe-area-context@4.12.0_react-native@0.76.7_@babel+core@7.26.9_@babel+pre_3d34cde14eab38e7711a23ea2394f188/node_modules/react-native-safe-area-context/lib/commonjs/NativeSafeAreaProvider.web.js:29:2)
  SafeAreaProvider (node_modules/.pnpm/react-native-safe-area-context@4.12.0_react-native@0.76.7_@babel+core@7.26.9_@babel+pre_3d34cde14eab38e7711a23ea2394f188/node_modules/react-native-safe-area-context/lib/commonjs/SafeAreaContext.js:28:2)
  Html (node_modules/.pnpm/expo-router@4.0.17_4ac4db59f81c99dbed58bb7f7ca8960b/node_modules/expo-router/build/static/html.js:23:16)
  wrapper (node_modules/.pnpm/expo-router@4.0.17_4ac4db59f81c99dbed58bb7f7ca8960b/node_modules/expo-router/build/static/renderStaticContent.js:66:24)
  wrapper (node_modules/.pnpm/expo-router@4.0.17_4ac4db59f81c99dbed58bb7f7ca8960b/node_modules/expo-router/build/ExpoRoot.js:53:23)
  ThemeProvider (node_modules/.pnpm/@react-navigation+core@7.4.0_react@18.3.1/node_modules/@react-navigation/core/lib/commonjs/theming/ThemeProvider.js:13:2)
  EnsureSingleNavigator (node_modules/.pnpm/@react-navigation+core@7.4.0_react@18.3.1/node_modules/@react-navigation/core/lib/commonjs/EnsureSingleNavigator.js:19:2)
  BaseNavigationContainer (node_modules/.pnpm/@react-navigation+core@7.4.0_react@18.3.1/node_modules/@react-navigation/core/lib/commonjs/BaseNavigationContainer.js:79:2)
  NavigationContainerInner (node_modules/.pnpm/expo-router@4.0.17_4ac4db59f81c99dbed58bb7f7ca8960b/node_modules/expo-router/build/fork/NavigationContainer.js:32:36)
  ContextNavigator (node_modules/.pnpm/expo-router@4.0.17_4ac4db59f81c99dbed58bb7f7ca8960b/node_modules/expo-router/build/ExpoRoot.js:73:28)
  ExpoRoot (node_modules/.pnpm/expo-router@4.0.17_4ac4db59f81c99dbed58bb7f7ca8960b/node_modules/expo-router/build/ExpoRoot.js:47:29)
  AppContainer (../ shim:react-native-web/dist/exports/AppRegistry/AppContainer.js:4:24)
  ServerContainer (node_modules/.pnpm/@react-navigation+native@7.0.15_react-native@0.76.7_@babel+core@7.26.9_@babel+preset-en_7d4ae94349333a190bdc9d22bea4b579/node_modules/@react-navigation/native/lib/commonjs/ServerContainer.js:21:2)
  _HelmetProvider (node_modules/.pnpm/react-native-helmet-async@2.0.4_react@18.3.1/node_modules/react-native-helmet-async/lib/index.js:483:4)
λ  ERROR  Warning: useLayoutEffect does nothing on the server, because its effect cannot be encoded into the server renderer's output format. This will lead to a mismatch between the initial, non-hydrated UI and the intended UI. To avoid this, useLayoutEffect should only be used in components that render exclusively on the client. See https://reactjs.org/link/uselayouteffect-ssr for common fixes.%s
  Screen (node_modules/.pnpm/@react-navigation+elements@2.9.3_@react-navigation+native@7.0.15_react-native@0.76.7_@b_0237228f7f6aaea362361718be625dd7/node_modules/@react-navigation/elements/lib/module/Screen.js:14:34)
  hrefAttrs (node_modules/.pnpm/react-native-web@0.19.13_react-dom@18.3.1_react@18.3.1__react@18.3.1/node_modules/react-native-web/dist/exports/View/index.js:35:24)
  MaybeScreen (node_modules/.pnpm/@react-navigation+bottom-tabs@7.2.1_@react-navigation+native@7.0.15_react-native@0.76.7_0d02d2c85d9a2e3c9cbb8249f56f5462/node_modules/@react-navigation/bottom-tabs/lib/commonjs/views/ScreenFallback.js:35:2)
  hrefAttrs (node_modules/.pnpm/react-native-web@0.19.13_react-dom@18.3.1_react@18.3.1__react@18.3.1/node_modules/react-native-web/dist/exports/View/index.js:35:24)
  MaybeScreenContainer (node_modules/.pnpm/@react-navigation+bottom-tabs@7.2.1_@react-navigation+native@7.0.15_react-native@0.76.7_0d02d2c85d9a2e3c9cbb8249f56f5462/node_modules/@react-navigation/bottom-tabs/lib/commonjs/views/ScreenFallback.js:20:2)
  hrefAttrs (node_modules/.pnpm/react-native-web@0.19.13_react-dom@18.3.1_react@18.3.1__react@18.3.1/node_modules/react-native-web/dist/exports/View/index.js:35:24)
  FrameSizeProvider (node_modules/.pnpm/@react-navigation+elements@2.9.3_@react-navigation+native@7.0.15_react-native@0.76.7_@b_0237228f7f6aaea362361718be625dd7/node_modules/@react-navigation/elements/lib/module/useFrameSize.js:18:2)
  SafeAreaProviderCompat (node_modules/.pnpm/@react-navigation+elements@2.9.3_@react-navigation+native@7.0.15_react-native@0.76.7_@b_0237228f7f6aaea362361718be625dd7/node_modules/@react-navigation/elements/lib/module/SafeAreaProviderCompat.js:31:2)
  BottomTabView (node_modules/.pnpm/@react-navigation+bottom-tabs@7.2.1_@react-navigation+native@7.0.15_react-native@0.76.7_0d02d2c85d9a2e3c9cbb8249f56f5462/node_modules/@react-navigation/bottom-tabs/lib/commonjs/views/BottomTabView.js:54:4)
  PreventRemoveProvider (node_modules/.pnpm/@react-navigation+core@7.4.0_react@18.3.1/node_modules/@react-navigation/core/lib/commonjs/PreventRemoveProvider.js:38:2)
  NavigationContent (node_modules/.pnpm/@react-navigation+core@7.4.0_react@18.3.1/node_modules/@react-navigation/core/lib/commonjs/useComponent.js:12:2)
  children (node_modules/.pnpm/@react-navigation+core@7.4.0_react@18.3.1/node_modules/@react-navigation/core/lib/commonjs/useComponent.js:28:4)
  BottomTabNavigator (node_modules/.pnpm/@react-navigation+bottom-tabs@7.2.1_@react-navigation+native@7.0.15_react-native@0.76.7_0d02d2c85d9a2e3c9cbb8249f56f5462/node_modules/@react-navigation/bottom-tabs/lib/commonjs/navigators/createBottomTabNavigator.js:11:2)
  userDefinedChildren (node_modules/.pnpm/expo-router@4.0.17_4ac4db59f81c99dbed58bb7f7ca8960b/node_modules/expo-router/build/layouts/withLayoutContext.js:75:62)
  TabLayout (app/(tabs)/_layout.tsx:13:36)
  Route (node_modules/.pnpm/expo-router@4.0.17_4ac4db59f81c99dbed58bb7f7ca8960b/node_modules/expo-router/build/Route.js:52:17)
  route (node_modules/.pnpm/expo-router@4.0.17_4ac4db59f81c99dbed58bb7f7ca8960b/node_modules/expo-router/build/useScreens.js:128:4)
  StaticContainer (node_modules/.pnpm/@react-navigation+core@7.4.0_react@18.3.1/node_modules/@react-navigation/core/lib/commonjs/StaticContainer.js:14:15)
  EnsureSingleNavigator (node_modules/.pnpm/@react-navigation+core@7.4.0_react@18.3.1/node_modules/@react-navigation/core/lib/commonjs/EnsureSingleNavigator.js:19:2)
  SceneView (node_modules/.pnpm/@react-navigation+core@7.4.0_react@18.3.1/node_modules/@react-navigation/core/lib/commonjs/SceneView.js:20:2)
  hrefAttrs (node_modules/.pnpm/react-native-web@0.19.13_react-dom@18.3.1_react@18.3.1__react@18.3.1/node_modules/react-native-web/dist/exports/View/index.js:35:24)
  AnimatedHeaderHeightProvider (node_modules/.pnpm/@react-navigation+native-stack@7.2.1_@react-navigation+native@7.0.15_react-native@0.76._acffa41cdd09c3e5cbcec81480cc8a96/node_modules/@react-navigation/native-stack/lib/commonjs/views/NativeStackView.js:117:2)
  hrefAttrs (node_modules/.pnpm/react-native-web@0.19.13_react-dom@18.3.1_react@18.3.1__react@18.3.1/node_modules/react-native-web/dist/exports/View/index.js:35:24)
  hrefAttrs (node_modules/.pnpm/react-native-web@0.19.13_react-dom@18.3.1_react@18.3.1__react@18.3.1/node_modules/react-native-web/dist/exports/View/index.js:35:24)
  <unknown> (node_modules/.pnpm/react-native-web@0.19.13_react-dom@18.3.1_react@18.3.1__react@18.3.1/node_modules/react-native-web/dist/vendor/react-native/Animated/createAnimatedComponent.js:25:44)
  Background (node_modules/.pnpm/@react-navigation+elements@2.9.3_@react-navigation+native@7.0.15_react-native@0.76.7_@b_0237228f7f6aaea362361718be625dd7/node_modules/@react-navigation/elements/lib/module/Background.js:8:2)
  Screen (node_modules/.pnpm/@react-navigation+elements@2.9.3_@react-navigation+native@7.0.15_react-native@0.76.7_@b_0237228f7f6aaea362361718be625dd7/node_modules/@react-navigation/elements/lib/module/Screen.js:14:34)
  hrefAttrs (node_modules/.pnpm/react-native-web@0.19.13_react-dom@18.3.1_react@18.3.1__react@18.3.1/node_modules/react-native-web/dist/exports/View/index.js:35:24)
  FrameSizeProvider (node_modules/.pnpm/@react-navigation+elements@2.9.3_@react-navigation+native@7.0.15_react-native@0.76.7_@b_0237228f7f6aaea362361718be625dd7/node_modules/@react-navigation/elements/lib/module/useFrameSize.js:18:2)
  SafeAreaProviderCompat (node_modules/.pnpm/@react-navigation+elements@2.9.3_@react-navigation+native@7.0.15_react-native@0.76.7_@b_0237228f7f6aaea362361718be625dd7/node_modules/@react-navigation/elements/lib/module/SafeAreaProviderCompat.js:31:2)
  NativeStackView (node_modules/.pnpm/@react-navigation+native-stack@7.2.1_@react-navigation+native@7.0.15_react-native@0.76._acffa41cdd09c3e5cbcec81480cc8a96/node_modules/@react-navigation/native-stack/lib/commonjs/views/NativeStackView.js:17:2)
  PreventRemoveProvider (node_modules/.pnpm/@react-navigation+core@7.4.0_react@18.3.1/node_modules/@react-navigation/core/lib/commonjs/PreventRemoveProvider.js:38:2)
  NavigationContent (node_modules/.pnpm/@react-navigation+core@7.4.0_react@18.3.1/node_modules/@react-navigation/core/lib/commonjs/useComponent.js:12:2)
  children (node_modules/.pnpm/@react-navigation+core@7.4.0_react@18.3.1/node_modules/@react-navigation/core/lib/commonjs/useComponent.js:28:4)
  NativeStackNavigator (node_modules/.pnpm/@react-navigation+native-stack@7.2.1_@react-navigation+native@7.0.15_react-native@0.76._acffa41cdd09c3e5cbcec81480cc8a96/node_modules/@react-navigation/native-stack/lib/commonjs/navigators/createNativeStackNavigator.js:14:2)
  userDefinedChildren (node_modules/.pnpm/expo-router@4.0.17_4ac4db59f81c99dbed58bb7f7ca8960b/node_modules/expo-router/build/layouts/withLayoutContext.js:75:62)
  ThemeProvider (node_modules/.pnpm/@react-navigation+core@7.4.0_react@18.3.1/node_modules/@react-navigation/core/lib/commonjs/theming/ThemeProvider.js:13:2)
  RootLayout (app/_layout.tsx:15:36)
  Route (node_modules/.pnpm/expo-router@4.0.17_4ac4db59f81c99dbed58bb7f7ca8960b/node_modules/expo-router/build/Route.js:52:17)
  route (node_modules/.pnpm/expo-router@4.0.17_4ac4db59f81c99dbed58bb7f7ca8960b/node_modules/expo-router/build/useScreens.js:128:4)
  hrefAttrs (node_modules/.pnpm/react-native-web@0.19.13_react-dom@18.3.1_react@18.3.1__react@18.3.1/node_modules/react-native-web/dist/exports/View/index.js:35:24)
  NativeSafeAreaProvider (node_modules/.pnpm/react-native-safe-area-context@4.12.0_react-native@0.76.7_@babel+core@7.26.9_@babel+pre_3d34cde14eab38e7711a23ea2394f188/node_modules/react-native-safe-area-context/lib/commonjs/NativeSafeAreaProvider.web.js:29:2)
  SafeAreaProvider (node_modules/.pnpm/react-native-safe-area-context@4.12.0_react-native@0.76.7_@babel+core@7.26.9_@babel+pre_3d34cde14eab38e7711a23ea2394f188/node_modules/react-native-safe-area-context/lib/commonjs/SafeAreaContext.js:28:2)
  Html (node_modules/.pnpm/expo-router@4.0.17_4ac4db59f81c99dbed58bb7f7ca8960b/node_modules/expo-router/build/static/html.js:23:16)
  wrapper (node_modules/.pnpm/expo-router@4.0.17_4ac4db59f81c99dbed58bb7f7ca8960b/node_modules/expo-router/build/static/renderStaticContent.js:66:24)
  wrapper (node_modules/.pnpm/expo-router@4.0.17_4ac4db59f81c99dbed58bb7f7ca8960b/node_modules/expo-router/build/ExpoRoot.js:53:23)
  ThemeProvider (node_modules/.pnpm/@react-navigation+core@7.4.0_react@18.3.1/node_modules/@react-navigation/core/lib/commonjs/theming/ThemeProvider.js:13:2)
  EnsureSingleNavigator (node_modules/.pnpm/@react-navigation+core@7.4.0_react@18.3.1/node_modules/@react-navigation/core/lib/commonjs/EnsureSingleNavigator.js:19:2)
  BaseNavigationContainer (node_modules/.pnpm/@react-navigation+core@7.4.0_react@18.3.1/node_modules/@react-navigation/core/lib/commonjs/BaseNavigationContainer.js:79:2)
  NavigationContainerInner (node_modules/.pnpm/expo-router@4.0.17_4ac4db59f81c99dbed58bb7f7ca8960b/node_modules/expo-router/build/fork/NavigationContainer.js:32:36)
  ContextNavigator (node_modules/.pnpm/expo-router@4.0.17_4ac4db59f81c99dbed58bb7f7ca8960b/node_modules/expo-router/build/ExpoRoot.js:73:28)
  ExpoRoot (node_modules/.pnpm/expo-router@4.0.17_4ac4db59f81c99dbed58bb7f7ca8960b/node_modules/expo-router/build/ExpoRoot.js:47:29)
  AppContainer (../ shim:react-native-web/dist/exports/AppRegistry/AppContainer.js:4:24)
  ServerContainer (node_modules/.pnpm/@react-navigation+native@7.0.15_react-native@0.76.7_@babel+core@7.26.9_@babel+preset-en_7d4ae94349333a190bdc9d22bea4b579/node_modules/@react-navigation/native/lib/commonjs/ServerContainer.js:21:2)
  _HelmetProvider (node_modules/.pnpm/react-native-helmet-async@2.0.4_react@18.3.1/node_modules/react-native-helmet-async/lib/index.js:483:4)
λ  WARN  props.pointerEvents is deprecated. Use style.pointerEvents
Web Bundled 899ms node_modules/.pnpm/expo-router@4.0.17_4ac4db59f81c99dbed58bb7f7ca8960b/node_modules/expo-router/entry.js (1 module)
Web Bundled 74ms node_modules/.pnpm/expo-router@4.0.17_4ac4db59f81c99dbed58bb7f7ca8960b/node_modules/expo-router/entry.js (1 module)
 LOG  [web] Logs will appear in the browser console
