
> lunabloom@1.0.0 start
> expo start --web --port 8081

Starting project at /app
Starting Metro Bundler
Waiting on http://localhost:8081
Logs for your project will appear below.
Web node_modules/.pnpm/expo-router@4.0.17_4ac4db59f81c99dbed58bb7f7ca8960b/node_modules/expo-router/entry.js ░░░░░░░░░░░░░░░░  0.0% (0/1)
Web node_modules/.pnpm/expo-router@4.0.17_4ac4db59f81c99dbed58bb7f7ca8960b/node_modules/expo-router/entry.js ░░░░░░░░░░░░░░░░  0.0% (1/1)
λ node_modules/.pnpm/expo-router@4.0.17_4ac4db59f81c99dbed58bb7f7ca8960b/node_modules/expo-router/node/render.js ▓▓▓▓▓▓▓▓▓▓▓▓▓▓▓▓ 100.0% (189/334)
Web node_modules/.pnpm/expo-router@4.0.17_4ac4db59f81c99dbed58bb7f7ca8960b/node_modules/expo-router/entry.js ▓▓▓▓░░░░░░░░░░░░ 25.0% ( 96/225)
λ node_modules/.pnpm/expo-router@4.0.17_4ac4db59f81c99dbed58bb7f7ca8960b/node_modules/expo-router/node/render.js ▓▓▓▓▓▓▓▓▓▓▓▓▓▓▓▓ 100.0% (475/643)
Web node_modules/.pnpm/expo-router@4.0.17_4ac4db59f81c99dbed58bb7f7ca8960b/node_modules/expo-router/entry.js ▓▓▓▓▓░░░░░░░░░░░ 31.4% (208/371)
λ node_modules/.pnpm/expo-router@4.0.17_4ac4db59f81c99dbed58bb7f7ca8960b/node_modules/expo-router/node/render.js ▓▓▓▓▓▓▓▓▓▓▓▓▓▓▓▓ 100.0% (736/943)
Web node_modules/.pnpm/expo-router@4.0.17_4ac4db59f81c99dbed58bb7f7ca8960b/node_modules/expo-router/entry.js ▓▓▓▓▓▓░░░░░░░░░░ 43.3% (362/587)
λ node_modules/.pnpm/expo-router@4.0.17_4ac4db59f81c99dbed58bb7f7ca8960b/node_modules/expo-router/node/render.js ▓▓▓▓▓▓▓▓▓▓▓▓▓▓▓▓ 100.0% ( 901/1087)
Web node_modules/.pnpm/expo-router@4.0.17_4ac4db59f81c99dbed58bb7f7ca8960b/node_modules/expo-router/entry.js ▓▓▓▓▓▓▓▓░░░░░░░░ 55.1% (572/806)
λ node_modules/.pnpm/expo-router@4.0.17_4ac4db59f81c99dbed58bb7f7ca8960b/node_modules/expo-router/node/render.js ▓▓▓▓▓▓▓▓▓▓▓▓▓▓▓▓ 100.0% ( 985/1137)
Web node_modules/.pnpm/expo-router@4.0.17_4ac4db59f81c99dbed58bb7f7ca8960b/node_modules/expo-router/entry.js ▓▓▓▓▓▓▓▓▓▓░░░░░░ 64.8% (776/964)
λ node_modules/.pnpm/expo-router@4.0.17_4ac4db59f81c99dbed58bb7f7ca8960b/node_modules/expo-router/node/render.js ▓▓▓▓▓▓▓▓▓▓▓▓▓▓▓▓ 100.0% (1166/1279)
Web node_modules/.pnpm/expo-router@4.0.17_4ac4db59f81c99dbed58bb7f7ca8960b/node_modules/expo-router/entry.js ▓▓▓▓▓▓▓▓▓▓▓░░░░░ 72.8% ( 964/1130)
λ node_modules/.pnpm/expo-router@4.0.17_4ac4db59f81c99dbed58bb7f7ca8960b/node_modules/expo-router/node/render.js ▓▓▓▓▓▓▓▓▓▓▓▓▓▓▓▓ 100.0% (1338/1481)
Web node_modules/.pnpm/expo-router@4.0.17_4ac4db59f81c99dbed58bb7f7ca8960b/node_modules/expo-router/entry.js ▓▓▓▓▓▓▓▓▓▓▓▓▓▓░░ 87.8% (1383/1505)
λ node_modules/.pnpm/expo-router@4.0.17_4ac4db59f81c99dbed58bb7f7ca8960b/node_modules/expo-router/node/render.js ▓▓▓▓▓▓▓▓▓▓▓▓▓▓▓▓ 100.0% (1629/1650)
λ Bundled 28578ms node_modules/.pnpm/expo-router@4.0.17_4ac4db59f81c99dbed58bb7f7ca8960b/node_modules/expo-router/node/render.js (1652 modules)
λ  WARN  "shadow*" style props are deprecated. Use "boxShadow".
  factory (components/ui/EmptyState.tsx:84:27)
λ  ERROR  Warning: useLayoutEffect does nothing on the server, because its effect cannot be encoded into the server renderer's output format. This will lead to a mismatch between the initial, non-hydrated UI and the intended UI. To avoid this, useLayoutEffect should only be used in components that render exclusively on the client. See https://reactjs.org/link/uselayouteffect-ssr for common fixes.%s
  Screen (node_modules/.pnpm/@react-navigation+elements@2.9.3_@react-navigation+native@7.0.15_react-native@0.76.7_@b_0237228f7f6aaea362361718be625dd7/node_modules/@react-navigation/elements/lib/module/Screen.js:14:34)
  hrefAttrs (node_modules/.pnpm/react-native-web@0.19.13_react-dom@18.3.1_react@18.3.1__react@18.3.1/node_modules/react-native-web/dist/exports/View/index.js:35:24)
  FrameSizeProvider (node_modules/.pnpm/@react-navigation+elements@2.9.3_@react-navigation+native@7.0.15_react-native@0.76.7_@b_0237228f7f6aaea362361718be625dd7/node_modules/@react-navigation/elements/lib/module/useFrameSize.js:18:2)
  SafeAreaProviderCompat (node_modules/.pnpm/@react-navigation+elements@2.9.3_@react-navigation+native@7.0.15_react-native@0.76.7_@b_0237228f7f6aaea362361718be625dd7/node_modules/@react-navigation/elements/lib/module/SafeAreaProviderCompat.js:31:2)
  NativeStackView (node_modules/.pnpm/@react-navigation+native-stack@7.2.1_@react-navigation+native@7.0.15_react-native@0.76._acffa41cdd09c3e5cbcec81480cc8a96/node_modules/@react-navigation/native-stack/lib/commonjs/views/NativeStackView.js:17:2)
  PreventRemoveProvider (node_modules/.pnpm/@react-navigation+core@7.4.0_react@18.3.1/node_modules/@react-navigation/core/lib/commonjs/PreventRemoveProvider.js:38:2)
  NavigationContent (node_modules/.pnpm/@react-navigation+core@7.4.0_react@18.3.1/node_modules/@react-navigation/core/lib/commonjs/useComponent.js:12:2)
  children (node_modules/.pnpm/@react-navigation+core@7.4.0_react@18.3.1/node_modules/@react-navigation/core/lib/commonjs/useComponent.js:28:4)
  NativeStackNavigator (node_modules/.pnpm/@react-navigation+native-stack@7.2.1_@react-navigation+native@7.0.15_react-native@0.76._acffa41cdd09c3e5cbcec81480cc8a96/node_modules/@react-navigation/native-stack/lib/commonjs/navigators/createNativeStackNavigator.js:14:2)
  userDefinedChildren (node_modules/.pnpm/expo-router@4.0.17_4ac4db59f81c99dbed58bb7f7ca8960b/node_modules/expo-router/build/layouts/withLayoutContext.js:75:62)
  ThemeProvider (node_modules/.pnpm/@react-navigation+core@7.4.0_react@18.3.1/node_modules/@react-navigation/core/lib/commonjs/theming/ThemeProvider.js:13:2)
  RootLayout (app/_layout.web.tsx:15:36)
  Route (node_modules/.pnpm/expo-router@4.0.17_4ac4db59f81c99dbed58bb7f7ca8960b/node_modules/expo-router/build/Route.js:52:17)
  route (node_modules/.pnpm/expo-router@4.0.17_4ac4db59f81c99dbed58bb7f7ca8960b/node_modules/expo-router/build/useScreens.js:128:4)
  hrefAttrs (node_modules/.pnpm/react-native-web@0.19.13_react-dom@18.3.1_react@18.3.1__react@18.3.1/node_modules/react-native-web/dist/exports/View/index.js:35:24)
  NativeSafeAreaProvider (node_modules/.pnpm/react-native-safe-area-context@4.12.0_react-native@0.76.7_@babel+core@7.26.9_@babel+pre_3d34cde14eab38e7711a23ea2394f188/node_modules/react-native-safe-area-context/lib/commonjs/NativeSafeAreaProvider.web.js:29:2)
  SafeAreaProvider (node_modules/.pnpm/react-native-safe-area-context@4.12.0_react-native@0.76.7_@babel+core@7.26.9_@babel+pre_3d34cde14eab38e7711a23ea2394f188/node_modules/react-native-safe-area-context/lib/commonjs/SafeAreaContext.js:28:2)
  Html (node_modules/.pnpm/expo-router@4.0.17_4ac4db59f81c99dbed58bb7f7ca8960b/node_modules/expo-router/build/static/html.js:23:16)
  wrapper (node_modules/.pnpm/expo-router@4.0.17_4ac4db59f81c99dbed58bb7f7ca8960b/node_modules/expo-router/build/static/renderStaticContent.js:66:24)
  wrapper (node_modules/.pnpm/expo-router@4.0.17_4ac4db59f81c99dbed58bb7f7ca8960b/node_modules/expo-router/build/ExpoRoot.js:53:23)
  ThemeProvider (node_modules/.pnpm/@react-navigation+core@7.4.0_react@18.3.1/node_modules/@react-navigation/core/lib/commonjs/theming/ThemeProvider.js:13:2)
  EnsureSingleNavigator (node_modules/.pnpm/@react-navigation+core@7.4.0_react@18.3.1/node_modules/@react-navigation/core/lib/commonjs/EnsureSingleNavigator.js:19:2)
  BaseNavigationContainer (node_modules/.pnpm/@react-navigation+core@7.4.0_react@18.3.1/node_modules/@react-navigation/core/lib/commonjs/BaseNavigationContainer.js:79:2)
  NavigationContainerInner (node_modules/.pnpm/expo-router@4.0.17_4ac4db59f81c99dbed58bb7f7ca8960b/node_modules/expo-router/build/fork/NavigationContainer.js:32:36)
  ContextNavigator (node_modules/.pnpm/expo-router@4.0.17_4ac4db59f81c99dbed58bb7f7ca8960b/node_modules/expo-router/build/ExpoRoot.js:73:28)
  ExpoRoot (node_modules/.pnpm/expo-router@4.0.17_4ac4db59f81c99dbed58bb7f7ca8960b/node_modules/expo-router/build/ExpoRoot.js:47:29)
  AppContainer (../ shim:react-native-web/dist/exports/AppRegistry/AppContainer.js:4:24)
  ServerContainer (node_modules/.pnpm/@react-navigation+native@7.0.15_react-native@0.76.7_@babel+core@7.26.9_@babel+preset-en_7d4ae94349333a190bdc9d22bea4b579/node_modules/@react-navigation/native/lib/commonjs/ServerContainer.js:21:2)
  _HelmetProvider (node_modules/.pnpm/react-native-helmet-async@2.0.4_react@18.3.1/node_modules/react-native-helmet-async/lib/index.js:483:4)
λ  ERROR  Warning: useLayoutEffect does nothing on the server, because its effect cannot be encoded into the server renderer's output format. This will lead to a mismatch between the initial, non-hydrated UI and the intended UI. To avoid this, useLayoutEffect should only be used in components that render exclusively on the client. See https://reactjs.org/link/uselayouteffect-ssr for common fixes.%s
  Screen (node_modules/.pnpm/@react-navigation+elements@2.9.3_@react-navigation+native@7.0.15_react-native@0.76.7_@b_0237228f7f6aaea362361718be625dd7/node_modules/@react-navigation/elements/lib/module/Screen.js:14:34)
  hrefAttrs (node_modules/.pnpm/react-native-web@0.19.13_react-dom@18.3.1_react@18.3.1__react@18.3.1/node_modules/react-native-web/dist/exports/View/index.js:35:24)
  MaybeScreen (node_modules/.pnpm/@react-navigation+bottom-tabs@7.2.1_@react-navigation+native@7.0.15_react-native@0.76.7_0d02d2c85d9a2e3c9cbb8249f56f5462/node_modules/@react-navigation/bottom-tabs/lib/commonjs/views/ScreenFallback.js:35:2)
  hrefAttrs (node_modules/.pnpm/react-native-web@0.19.13_react-dom@18.3.1_react@18.3.1__react@18.3.1/node_modules/react-native-web/dist/exports/View/index.js:35:24)
  MaybeScreenContainer (node_modules/.pnpm/@react-navigation+bottom-tabs@7.2.1_@react-navigation+native@7.0.15_react-native@0.76.7_0d02d2c85d9a2e3c9cbb8249f56f5462/node_modules/@react-navigation/bottom-tabs/lib/commonjs/views/ScreenFallback.js:20:2)
  hrefAttrs (node_modules/.pnpm/react-native-web@0.19.13_react-dom@18.3.1_react@18.3.1__react@18.3.1/node_modules/react-native-web/dist/exports/View/index.js:35:24)
  FrameSizeProvider (node_modules/.pnpm/@react-navigation+elements@2.9.3_@react-navigation+native@7.0.15_react-native@0.76.7_@b_0237228f7f6aaea362361718be625dd7/node_modules/@react-navigation/elements/lib/module/useFrameSize.js:18:2)
  SafeAreaProviderCompat (node_modules/.pnpm/@react-navigation+elements@2.9.3_@react-navigation+native@7.0.15_react-native@0.76.7_@b_0237228f7f6aaea362361718be625dd7/node_modules/@react-navigation/elements/lib/module/SafeAreaProviderCompat.js:31:2)
  BottomTabView (node_modules/.pnpm/@react-navigation+bottom-tabs@7.2.1_@react-navigation+native@7.0.15_react-native@0.76.7_0d02d2c85d9a2e3c9cbb8249f56f5462/node_modules/@react-navigation/bottom-tabs/lib/commonjs/views/BottomTabView.js:54:4)
  PreventRemoveProvider (node_modules/.pnpm/@react-navigation+core@7.4.0_react@18.3.1/node_modules/@react-navigation/core/lib/commonjs/PreventRemoveProvider.js:38:2)
  NavigationContent (node_modules/.pnpm/@react-navigation+core@7.4.0_react@18.3.1/node_modules/@react-navigation/core/lib/commonjs/useComponent.js:12:2)
  children (node_modules/.pnpm/@react-navigation+core@7.4.0_react@18.3.1/node_modules/@react-navigation/core/lib/commonjs/useComponent.js:28:4)
  BottomTabNavigator (node_modules/.pnpm/@react-navigation+bottom-tabs@7.2.1_@react-navigation+native@7.0.15_react-native@0.76.7_0d02d2c85d9a2e3c9cbb8249f56f5462/node_modules/@react-navigation/bottom-tabs/lib/commonjs/navigators/createBottomTabNavigator.js:11:2)
  userDefinedChildren (node_modules/.pnpm/expo-router@4.0.17_4ac4db59f81c99dbed58bb7f7ca8960b/node_modules/expo-router/build/layouts/withLayoutContext.js:75:62)
  TabLayout (app/(tabs)/_layout.tsx:56:36)
  Route (node_modules/.pnpm/expo-router@4.0.17_4ac4db59f81c99dbed58bb7f7ca8960b/node_modules/expo-router/build/Route.js:52:17)
  route (node_modules/.pnpm/expo-router@4.0.17_4ac4db59f81c99dbed58bb7f7ca8960b/node_modules/expo-router/build/useScreens.js:128:4)
  StaticContainer (node_modules/.pnpm/@react-navigation+core@7.4.0_react@18.3.1/node_modules/@react-navigation/core/lib/commonjs/StaticContainer.js:14:15)
  EnsureSingleNavigator (node_modules/.pnpm/@react-navigation+core@7.4.0_react@18.3.1/node_modules/@react-navigation/core/lib/commonjs/EnsureSingleNavigator.js:19:2)
  SceneView (node_modules/.pnpm/@react-navigation+core@7.4.0_react@18.3.1/node_modules/@react-navigation/core/lib/commonjs/SceneView.js:20:2)
  hrefAttrs (node_modules/.pnpm/react-native-web@0.19.13_react-dom@18.3.1_react@18.3.1__react@18.3.1/node_modules/react-native-web/dist/exports/View/index.js:35:24)
  AnimatedHeaderHeightProvider (node_modules/.pnpm/@react-navigation+native-stack@7.2.1_@react-navigation+native@7.0.15_react-native@0.76._acffa41cdd09c3e5cbcec81480cc8a96/node_modules/@react-navigation/native-stack/lib/commonjs/views/NativeStackView.js:117:2)
  hrefAttrs (node_modules/.pnpm/react-native-web@0.19.13_react-dom@18.3.1_react@18.3.1__react@18.3.1/node_modules/react-native-web/dist/exports/View/index.js:35:24)
  hrefAttrs (node_modules/.pnpm/react-native-web@0.19.13_react-dom@18.3.1_react@18.3.1__react@18.3.1/node_modules/react-native-web/dist/exports/View/index.js:35:24)
  <unknown> (node_modules/.pnpm/react-native-web@0.19.13_react-dom@18.3.1_react@18.3.1__react@18.3.1/node_modules/react-native-web/dist/vendor/react-native/Animated/createAnimatedComponent.js:25:44)
  Background (node_modules/.pnpm/@react-navigation+elements@2.9.3_@react-navigation+native@7.0.15_react-native@0.76.7_@b_0237228f7f6aaea362361718be625dd7/node_modules/@react-navigation/elements/lib/module/Background.js:8:2)
  Screen (node_modules/.pnpm/@react-navigation+elements@2.9.3_@react-navigation+native@7.0.15_react-native@0.76.7_@b_0237228f7f6aaea362361718be625dd7/node_modules/@react-navigation/elements/lib/module/Screen.js:14:34)
  hrefAttrs (node_modules/.pnpm/react-native-web@0.19.13_react-dom@18.3.1_react@18.3.1__react@18.3.1/node_modules/react-native-web/dist/exports/View/index.js:35:24)
  FrameSizeProvider (node_modules/.pnpm/@react-navigation+elements@2.9.3_@react-navigation+native@7.0.15_react-native@0.76.7_@b_0237228f7f6aaea362361718be625dd7/node_modules/@react-navigation/elements/lib/module/useFrameSize.js:18:2)
  SafeAreaProviderCompat (node_modules/.pnpm/@react-navigation+elements@2.9.3_@react-navigation+native@7.0.15_react-native@0.76.7_@b_0237228f7f6aaea362361718be625dd7/node_modules/@react-navigation/elements/lib/module/SafeAreaProviderCompat.js:31:2)
  NativeStackView (node_modules/.pnpm/@react-navigation+native-stack@7.2.1_@react-navigation+native@7.0.15_react-native@0.76._acffa41cdd09c3e5cbcec81480cc8a96/node_modules/@react-navigation/native-stack/lib/commonjs/views/NativeStackView.js:17:2)
  PreventRemoveProvider (node_modules/.pnpm/@react-navigation+core@7.4.0_react@18.3.1/node_modules/@react-navigation/core/lib/commonjs/PreventRemoveProvider.js:38:2)
  NavigationContent (node_modules/.pnpm/@react-navigation+core@7.4.0_react@18.3.1/node_modules/@react-navigation/core/lib/commonjs/useComponent.js:12:2)
  children (node_modules/.pnpm/@react-navigation+core@7.4.0_react@18.3.1/node_modules/@react-navigation/core/lib/commonjs/useComponent.js:28:4)
  NativeStackNavigator (node_modules/.pnpm/@react-navigation+native-stack@7.2.1_@react-navigation+native@7.0.15_react-native@0.76._acffa41cdd09c3e5cbcec81480cc8a96/node_modules/@react-navigation/native-stack/lib/commonjs/navigators/createNativeStackNavigator.js:14:2)
  userDefinedChildren (node_modules/.pnpm/expo-router@4.0.17_4ac4db59f81c99dbed58bb7f7ca8960b/node_modules/expo-router/build/layouts/withLayoutContext.js:75:62)
  ThemeProvider (node_modules/.pnpm/@react-navigation+core@7.4.0_react@18.3.1/node_modules/@react-navigation/core/lib/commonjs/theming/ThemeProvider.js:13:2)
  RootLayout (app/_layout.web.tsx:15:36)
  Route (node_modules/.pnpm/expo-router@4.0.17_4ac4db59f81c99dbed58bb7f7ca8960b/node_modules/expo-router/build/Route.js:52:17)
  route (node_modules/.pnpm/expo-router@4.0.17_4ac4db59f81c99dbed58bb7f7ca8960b/node_modules/expo-router/build/useScreens.js:128:4)
  hrefAttrs (node_modules/.pnpm/react-native-web@0.19.13_react-dom@18.3.1_react@18.3.1__react@18.3.1/node_modules/react-native-web/dist/exports/View/index.js:35:24)
  NativeSafeAreaProvider (node_modules/.pnpm/react-native-safe-area-context@4.12.0_react-native@0.76.7_@babel+core@7.26.9_@babel+pre_3d34cde14eab38e7711a23ea2394f188/node_modules/react-native-safe-area-context/lib/commonjs/NativeSafeAreaProvider.web.js:29:2)
  SafeAreaProvider (node_modules/.pnpm/react-native-safe-area-context@4.12.0_react-native@0.76.7_@babel+core@7.26.9_@babel+pre_3d34cde14eab38e7711a23ea2394f188/node_modules/react-native-safe-area-context/lib/commonjs/SafeAreaContext.js:28:2)
  Html (node_modules/.pnpm/expo-router@4.0.17_4ac4db59f81c99dbed58bb7f7ca8960b/node_modules/expo-router/build/static/html.js:23:16)
  wrapper (node_modules/.pnpm/expo-router@4.0.17_4ac4db59f81c99dbed58bb7f7ca8960b/node_modules/expo-router/build/static/renderStaticContent.js:66:24)
  wrapper (node_modules/.pnpm/expo-router@4.0.17_4ac4db59f81c99dbed58bb7f7ca8960b/node_modules/expo-router/build/ExpoRoot.js:53:23)
  ThemeProvider (node_modules/.pnpm/@react-navigation+core@7.4.0_react@18.3.1/node_modules/@react-navigation/core/lib/commonjs/theming/ThemeProvider.js:13:2)
  EnsureSingleNavigator (node_modules/.pnpm/@react-navigation+core@7.4.0_react@18.3.1/node_modules/@react-navigation/core/lib/commonjs/EnsureSingleNavigator.js:19:2)
  BaseNavigationContainer (node_modules/.pnpm/@react-navigation+core@7.4.0_react@18.3.1/node_modules/@react-navigation/core/lib/commonjs/BaseNavigationContainer.js:79:2)
  NavigationContainerInner (node_modules/.pnpm/expo-router@4.0.17_4ac4db59f81c99dbed58bb7f7ca8960b/node_modules/expo-router/build/fork/NavigationContainer.js:32:36)
  ContextNavigator (node_modules/.pnpm/expo-router@4.0.17_4ac4db59f81c99dbed58bb7f7ca8960b/node_modules/expo-router/build/ExpoRoot.js:73:28)
  ExpoRoot (node_modules/.pnpm/expo-router@4.0.17_4ac4db59f81c99dbed58bb7f7ca8960b/node_modules/expo-router/build/ExpoRoot.js:47:29)
  AppContainer (../ shim:react-native-web/dist/exports/AppRegistry/AppContainer.js:4:24)
  ServerContainer (node_modules/.pnpm/@react-navigation+native@7.0.15_react-native@0.76.7_@babel+core@7.26.9_@babel+preset-en_7d4ae94349333a190bdc9d22bea4b579/node_modules/@react-navigation/native/lib/commonjs/ServerContainer.js:21:2)
  _HelmetProvider (node_modules/.pnpm/react-native-helmet-async@2.0.4_react@18.3.1/node_modules/react-native-helmet-async/lib/index.js:483:4)
λ  WARN  props.pointerEvents is deprecated. Use style.pointerEvents
Web node_modules/.pnpm/expo-router@4.0.17_4ac4db59f81c99dbed58bb7f7ca8960b/node_modules/expo-router/entry.js ▓▓▓▓▓▓▓▓▓▓▓▓▓▓░░ 89.3% (1462/1584)
Web Bundled 34445ms node_modules/.pnpm/expo-router@4.0.17_4ac4db59f81c99dbed58bb7f7ca8960b/node_modules/expo-router/entry.js (1639 modules)
Web node_modules/.pnpm/expo-router@4.0.17_4ac4db59f81c99dbed58bb7f7ca8960b/node_modules/expo-router/entry.js ▓▓▓▓▓░░░░░░░░░░░ 31.4% (210/375)
Web node_modules/.pnpm/expo-router@4.0.17_4ac4db59f81c99dbed58bb7f7ca8960b/node_modules/expo-router/entry.js ▓▓▓▓▓▓▓░░░░░░░░░ 47.1% (535/817)
Web node_modules/.pnpm/expo-router@4.0.17_4ac4db59f81c99dbed58bb7f7ca8960b/node_modules/expo-router/entry.js ▓▓▓▓▓▓▓▓▓▓▓░░░░░ 74.5% ( 979/1134)
Web node_modules/.pnpm/expo-router@4.0.17_4ac4db59f81c99dbed58bb7f7ca8960b/node_modules/expo-router/entry.js ▓▓▓▓▓▓▓▓▓▓▓▓▓▓░░ 92.5% (1483/1609)
Web Bundled 14037ms node_modules/.pnpm/expo-router@4.0.17_4ac4db59f81c99dbed58bb7f7ca8960b/node_modules/expo-router/entry.js (1639 modules)
 LOG  [web] Logs will appear in the browser console
