app/(tabs)/_layout.tsx(122,17): error TS2322: Type '"history.fill"' is not assignable to type 'SFSymbols6_0'.
app/(tabs)/_layout.tsx(142,17): error TS2322: Type '"bar-chart.fill"' is not assignable to type 'SFSymbols6_0'.
app/(tabs)/_layout.tsx(175,17): error TS2322: Type '"settings.fill"' is not assignable to type 'SFSymbols6_0'.
app/(tabs)/chatbot.tsx(6,28): error TS2307: Cannot find module '@/hooks/useChatbot' or its corresponding type declarations.
app/(tabs)/history.tsx(163,11): error TS2322: Type '"history.fill"' is not assignable to type 'SFSymbols6_0 | undefined'.
app/(tabs)/insights.tsx(236,15): error TS2322: Type '"bar-chart.fill"' is not assignable to type 'SFSymbols6_0 | undefined'.
app/+not-found.tsx(14,5): error TS2686: 'React' refers to a UMD global, but the current file is a module. Consider adding an import instead.
app/+not-found.tsx(15,8): error TS2686: 'React' refers to a UMD global, but the current file is a module. Consider adding an import instead.
app/+not-found.tsx(16,8): error TS2686: 'React' refers to a UMD global, but the current file is a module. Consider adding an import instead.
app/+not-found.tsx(17,10): error TS2686: 'React' refers to a UMD global, but the current file is a module. Consider adding an import instead.
app/+not-found.tsx(24,10): error TS2686: 'React' refers to a UMD global, but the current file is a module. Consider adding an import instead.
app/+not-found.tsx(28,10): error TS2686: 'React' refers to a UMD global, but the current file is a module. Consider adding an import instead.
app/+not-found.tsx(32,10): error TS2686: 'React' refers to a UMD global, but the current file is a module. Consider adding an import instead.
app/+not-found.tsx(33,12): error TS2686: 'React' refers to a UMD global, but the current file is a module. Consider adding an import instead.
app/+not-found.tsx(38,14): error TS2686: 'React' refers to a UMD global, but the current file is a module. Consider adding an import instead.
app/__tests__/csp.test.tsx(67,42): error TS2345: Argument of type 'string' is not assignable to parameter of type 'ComponentType<unknown>'.
app/_layout.tsx(31,6): error TS2686: 'React' refers to a UMD global, but the current file is a module. Consider adding an import instead.
app/_layout.tsx(32,8): error TS2686: 'React' refers to a UMD global, but the current file is a module. Consider adding an import instead.
app/_layout.tsx(33,10): error TS2686: 'React' refers to a UMD global, but the current file is a module. Consider adding an import instead.
app/_layout.tsx(34,10): error TS2686: 'React' refers to a UMD global, but the current file is a module. Consider adding an import instead.
app/_layout.tsx(36,8): error TS2686: 'React' refers to a UMD global, but the current file is a module. Consider adding an import instead.
app/_layout.web.tsx(50,6): error TS2686: 'React' refers to a UMD global, but the current file is a module. Consider adding an import instead.
app/_layout.web.tsx(51,8): error TS2686: 'React' refers to a UMD global, but the current file is a module. Consider adding an import instead.
app/_layout.web.tsx(52,10): error TS2686: 'React' refers to a UMD global, but the current file is a module. Consider adding an import instead.
app/_layout.web.tsx(53,10): error TS2686: 'React' refers to a UMD global, but the current file is a module. Consider adding an import instead.
app/_layout.web.tsx(54,10): error TS2686: 'React' refers to a UMD global, but the current file is a module. Consider adding an import instead.
app/_layout.web.tsx(56,8): error TS2686: 'React' refers to a UMD global, but the current file is a module. Consider adding an import instead.
app/_layout.web.tsx(57,10): error TS2686: 'React' refers to a UMD global, but the current file is a module. Consider adding an import instead.
app/_layout.web.tsx(58,10): error TS2686: 'React' refers to a UMD global, but the current file is a module. Consider adding an import instead.
app/_layout.web.tsx(60,8): error TS2686: 'React' refers to a UMD global, but the current file is a module. Consider adding an import instead.
components/Collapsible.tsx(15,6): error TS2686: 'React' refers to a UMD global, but the current file is a module. Consider adding an import instead.
components/Collapsible.tsx(16,8): error TS2686: 'React' refers to a UMD global, but the current file is a module. Consider adding an import instead.
components/Collapsible.tsx(20,10): error TS2686: 'React' refers to a UMD global, but the current file is a module. Consider adding an import instead.
components/Collapsible.tsx(28,10): error TS2686: 'React' refers to a UMD global, but the current file is a module. Consider adding an import instead.
components/Collapsible.tsx(30,19): error TS2686: 'React' refers to a UMD global, but the current file is a module. Consider adding an import instead.
components/ExternalLink.tsx(10,6): error TS2686: 'React' refers to a UMD global, but the current file is a module. Consider adding an import instead.
components/HapticTab.tsx(7,6): error TS2686: 'React' refers to a UMD global, but the current file is a module. Consider adding an import instead.
components/HelloWave.tsx(28,6): error TS2686: 'React' refers to a UMD global, but the current file is a module. Consider adding an import instead.
components/HelloWave.tsx(29,8): error TS2686: 'React' refers to a UMD global, but the current file is a module. Consider adding an import instead.
components/ParallaxFlatList.tsx(39,44): error TS2345: Argument of type 'AnimatedRef<ReanimatedFlatList<T>>' is not assignable to parameter of type 'AnimatedRef<AnimatedScrollView>'.
  Types of property 'current' are incompatible.
    Type 'ReanimatedFlatList<T> | null' is not assignable to type 'AnimatedScrollView | null'.
      Type 'ReanimatedFlatList<T>' is not assignable to type 'AnimatedScrollView | null'.
        Type 'ReanimatedFlatList<T>' is not assignable to type 'AnimatedScrollView'.
          Type 'ReanimatedFlatList<T>' is not assignable to type 'AnimatedScrollViewComplement'.
components/ParallaxFlatList.tsx(59,5): error TS2686: 'React' refers to a UMD global, but the current file is a module. Consider adding an import instead.
components/ParallaxFlatList.tsx(60,8): error TS2686: 'React' refers to a UMD global, but the current file is a module. Consider adding an import instead.
components/ParallaxFlatList.tsx(68,8): error TS2686: 'React' refers to a UMD global, but the current file is a module. Consider adding an import instead.
components/ParallaxFlatList.tsx(75,6): error TS2686: 'React' refers to a UMD global, but the current file is a module. Consider adding an import instead.
components/ParallaxFlatList.tsx(76,8): error TS2686: 'React' refers to a UMD global, but the current file is a module. Consider adding an import instead.
components/ParallaxFlatList.tsx(100,14): error TS2686: 'React' refers to a UMD global, but the current file is a module. Consider adding an import instead.
components/ParallaxScrollView.tsx(48,6): error TS2686: 'React' refers to a UMD global, but the current file is a module. Consider adding an import instead.
components/ParallaxScrollView.tsx(49,8): error TS2686: 'React' refers to a UMD global, but the current file is a module. Consider adding an import instead.
components/ParallaxScrollView.tsx(54,10): error TS2686: 'React' refers to a UMD global, but the current file is a module. Consider adding an import instead.
components/ParallaxScrollView.tsx(62,10): error TS2686: 'React' refers to a UMD global, but the current file is a module. Consider adding an import instead.
components/ThemedText.tsx(21,6): error TS2686: 'React' refers to a UMD global, but the current file is a module. Consider adding an import instead.
components/ThemedView.tsx(13,11): error TS2686: 'React' refers to a UMD global, but the current file is a module. Consider adding an import instead.
components/ui/IconSymbol.ios.tsx(18,6): error TS2686: 'React' refers to a UMD global, but the current file is a module. Consider adding an import instead.
components/ui/TabBarBackground.ios.tsx(8,6): error TS2686: 'React' refers to a UMD global, but the current file is a module. Consider adding an import instead.
