Starting project at /app
Starting Metro Bundler
Waiting on http://localhost:8081
Logs for your project will appear below.
Web node_modules/.pnpm/expo-router@4.0.17_4ac4db59f81c99dbed58bb7f7ca8960b/node_modules/expo-router/entry.js ░░░░░░░░░░░░░░░░  0.0% (0/1)
Web node_modules/.pnpm/expo-router@4.0.17_4ac4db59f81c99dbed58bb7f7ca8960b/node_modules/expo-router/entry.js ▓▓▓▓░░░░░░░░░░░░ 26.8% (147/325)
λ node_modules/.pnpm/expo-router@4.0.17_4ac4db59f81c99dbed58bb7f7ca8960b/node_modules/expo-router/node/render.js ▓░░░░░░░░░░░░░░░  7.5% (14/51)
Web node_modules/.pnpm/expo-router@4.0.17_4ac4db59f81c99dbed58bb7f7ca8960b/node_modules/expo-router/entry.js ▓▓▓▓▓▓░░░░░░░░░░ 43.1% (401/611)
λ node_modules/.pnpm/expo-router@4.0.17_4ac4db59f81c99dbed58bb7f7ca8960b/node_modules/expo-router/node/render.js ▓▓░░░░░░░░░░░░░░ 17.4% (119/285)
Web node_modules/.pnpm/expo-router@4.0.17_4ac4db59f81c99dbed58bb7f7ca8960b/node_modules/expo-router/entry.js ▓▓▓▓▓▓▓░░░░░░░░░ 48.7% (528/769)
λ node_modules/.pnpm/expo-router@4.0.17_4ac4db59f81c99dbed58bb7f7ca8960b/node_modules/expo-router/node/render.js ▓▓▓▓░░░░░░░░░░░░ 28.9% (221/411)
Web node_modules/.pnpm/expo-router@4.0.17_4ac4db59f81c99dbed58bb7f7ca8960b/node_modules/expo-router/entry.js ▓▓▓▓▓▓▓▓▓░░░░░░░ 62.4% (754/971)
λ node_modules/.pnpm/expo-router@4.0.17_4ac4db59f81c99dbed58bb7f7ca8960b/node_modules/expo-router/node/render.js ▓▓▓▓▓▓▓▓░░░░░░░░ 55.8% (415/613)
Web node_modules/.pnpm/expo-router@4.0.17_4ac4db59f81c99dbed58bb7f7ca8960b/node_modules/expo-router/entry.js ▓▓▓▓▓▓▓▓▓▓▓▓░░░░ 78.8% ( 974/1097)
λ node_modules/.pnpm/expo-router@4.0.17_4ac4db59f81c99dbed58bb7f7ca8960b/node_modules/expo-router/node/render.js ▓▓▓▓▓▓▓▓░░░░░░░░ 55.8% (544/740)
Web node_modules/.pnpm/expo-router@4.0.17_4ac4db59f81c99dbed58bb7f7ca8960b/node_modules/expo-router/entry.js ▓▓▓▓▓▓▓▓▓▓▓▓▓░░░ 85.1% (1227/1330)
λ node_modules/.pnpm/expo-router@4.0.17_4ac4db59f81c99dbed58bb7f7ca8960b/node_modules/expo-router/node/render.js ▓▓▓▓▓▓▓▓▓▓▓░░░░░ 71.7% ( 841/1023)
Web node_modules/.pnpm/expo-router@4.0.17_4ac4db59f81c99dbed58bb7f7ca8960b/node_modules/expo-router/entry.js ▓▓▓▓▓▓▓▓▓▓▓▓▓▓░░ 88.1% (1425/1518)
λ node_modules/.pnpm/expo-router@4.0.17_4ac4db59f81c99dbed58bb7f7ca8960b/node_modules/expo-router/node/render.js ▓▓▓▓▓▓▓▓▓▓▓▓▓░░░ 82.3% (1160/1279)
Web Bundled 27750ms node_modules/.pnpm/expo-router@4.0.17_4ac4db59f81c99dbed58bb7f7ca8960b/node_modules/expo-router/entry.js (1637 modules)
Web node_modules/.pnpm/expo-router@4.0.17_4ac4db59f81c99dbed58bb7f7ca8960b/node_modules/expo-router/entry.js ▓▓▓▓▓▓▓▓▓▓▓▓▓▓▓░ 99.9% (1636/1637)
λ node_modules/.pnpm/expo-router@4.0.17_4ac4db59f81c99dbed58bb7f7ca8960b/node_modules/expo-router/node/render.js ▓▓▓▓▓▓▓▓▓▓▓▓▓▓▓░ 99.4% (1645/1650)
λ Bundled 28123ms node_modules/.pnpm/expo-router@4.0.17_4ac4db59f81c99dbed58bb7f7ca8960b/node_modules/expo-router/node/render.js (1650 modules)
λ  WARN  "shadow*" style props are deprecated. Use "boxShadow".
  factory (components/ui/EmptyState.tsx:84:27)
λ  ERROR  Warning: useLayoutEffect does nothing on the server, because its effect cannot be encoded into the server renderer's output format. This will lead to a mismatch between the initial, non-hydrated UI and the intended UI. To avoid this, useLayoutEffect should only be used in components that render exclusively on the client. See https://reactjs.org/link/uselayouteffect-ssr for common fixes.%s
  Screen (node_modules/.pnpm/@react-navigation+elements@2.9.3_@react-navigation+native@7.0.15_react-native@0.76.7_@b_0237228f7f6aaea362361718be625dd7/node_modules/@react-navigation/elements/lib/module/Screen.js:14:34)
  hrefAttrs (node_modules/.pnpm/react-native-web@0.19.13_react-dom@18.3.1_react@18.3.1__react@18.3.1/node_modules/react-native-web/dist/exports/View/index.js:35:24)
  FrameSizeProvider (node_modules/.pnpm/@react-navigation+elements@2.9.3_@react-navigation+native@7.0.15_react-native@0.76.7_@b_0237228f7f6aaea362361718be625dd7/node_modules/@react-navigation/elements/lib/module/useFrameSize.js:18:2)
  SafeAreaProviderCompat (node_modules/.pnpm/@react-navigation+elements@2.9.3_@react-navigation+native@7.0.15_react-native@0.76.7_@b_0237228f7f6aaea362361718be625dd7/node_modules/@react-navigation/elements/lib/module/SafeAreaProviderCompat.js:31:2)
  NativeStackView (node_modules/.pnpm/@react-navigation+native-stack@7.2.1_@react-navigation+native@7.0.15_react-native@0.76._acffa41cdd09c3e5cbcec81480cc8a96/node_modules/@react-navigation/native-stack/lib/commonjs/views/NativeStackView.js:17:2)
  PreventRemoveProvider (node_modules/.pnpm/@react-navigation+core@7.4.0_react@18.3.1/node_modules/@react-navigation/core/lib/commonjs/PreventRemoveProvider.js:38:2)
  NavigationContent (node_modules/.pnpm/@react-navigation+core@7.4.0_react@18.3.1/node_modules/@react-navigation/core/lib/commonjs/useComponent.js:12:2)
  children (node_modules/.pnpm/@react-navigation+core@7.4.0_react@18.3.1/node_modules/@react-navigation/core/lib/commonjs/useComponent.js:28:4)
  NativeStackNavigator (node_modules/.pnpm/@react-navigation+native-stack@7.2.1_@react-navigation+native@7.0.15_react-native@0.76._acffa41cdd09c3e5cbcec81480cc8a96/node_modules/@react-navigation/native-stack/lib/commonjs/navigators/createNativeStackNavigator.js:14:2)
  userDefinedChildren (node_modules/.pnpm/expo-router@4.0.17_4ac4db59f81c99dbed58bb7f7ca8960b/node_modules/expo-router/build/layouts/withLayoutContext.js:75:62)
  ThemeProvider (node_modules/.pnpm/@react-navigation+core@7.4.0_react@18.3.1/node_modules/@react-navigation/core/lib/commonjs/theming/ThemeProvider.js:13:2)
  RootLayout (app/_layout.web.tsx:15:36)
  Route (node_modules/.pnpm/expo-router@4.0.17_4ac4db59f81c99dbed58bb7f7ca8960b/node_modules/expo-router/build/Route.js:52:17)
  route (node_modules/.pnpm/expo-router@4.0.17_4ac4db59f81c99dbed58bb7f7ca8960b/node_modules/expo-router/build/useScreens.js:128:4)
  hrefAttrs (node_modules/.pnpm/react-native-web@0.19.13_react-dom@18.3.1_react@18.3.1__react@18.3.1/node_modules/react-native-web/dist/exports/View/index.js:35:24)
  NativeSafeAreaProvider (node_modules/.pnpm/react-native-safe-area-context@4.12.0_react-native@0.76.7_@babel+core@7.26.9_@babel+pre_3d34cde14eab38e7711a23ea2394f188/node_modules/react-native-safe-area-context/lib/commonjs/NativeSafeAreaProvider.web.js:29:2)
  SafeAreaProvider (node_modules/.pnpm/react-native-safe-area-context@4.12.0_react-native@0.76.7_@babel+core@7.26.9_@babel+pre_3d34cde14eab38e7711a23ea2394f188/node_modules/react-native-safe-area-context/lib/commonjs/SafeAreaContext.js:28:2)
  Html (node_modules/.pnpm/expo-router@4.0.17_4ac4db59f81c99dbed58bb7f7ca8960b/node_modules/expo-router/build/static/html.js:23:16)
  wrapper (node_modules/.pnpm/expo-router@4.0.17_4ac4db59f81c99dbed58bb7f7ca8960b/node_modules/expo-router/build/static/renderStaticContent.js:66:24)
  wrapper (node_modules/.pnpm/expo-router@4.0.17_4ac4db59f81c99dbed58bb7f7ca8960b/node_modules/expo-router/build/ExpoRoot.js:53:23)
  ThemeProvider (node_modules/.pnpm/@react-navigation+core@7.4.0_react@18.3.1/node_modules/@react-navigation/core/lib/commonjs/theming/ThemeProvider.js:13:2)
  EnsureSingleNavigator (node_modules/.pnpm/@react-navigation+core@7.4.0_react@18.3.1/node_modules/@react-navigation/core/lib/commonjs/EnsureSingleNavigator.js:19:2)
  BaseNavigationContainer (node_modules/.pnpm/@react-navigation+core@7.4.0_react@18.3.1/node_modules/@react-navigation/core/lib/commonjs/BaseNavigationContainer.js:79:2)
  NavigationContainerInner (node_modules/.pnpm/expo-router@4.0.17_4ac4db59f81c99dbed58bb7f7ca8960b/node_modules/expo-router/build/fork/NavigationContainer.js:32:36)
  ContextNavigator (node_modules/.pnpm/expo-router@4.0.17_4ac4db59f81c99dbed58bb7f7ca8960b/node_modules/expo-router/build/ExpoRoot.js:73:28)
  ExpoRoot (node_modules/.pnpm/expo-router@4.0.17_4ac4db59f81c99dbed58bb7f7ca8960b/node_modules/expo-router/build/ExpoRoot.js:47:29)
  AppContainer (../ shim:react-native-web/dist/exports/AppRegistry/AppContainer.js:4:24)
  ServerContainer (node_modules/.pnpm/@react-navigation+native@7.0.15_react-native@0.76.7_@babel+core@7.26.9_@babel+preset-en_7d4ae94349333a190bdc9d22bea4b579/node_modules/@react-navigation/native/lib/commonjs/ServerContainer.js:21:2)
  _HelmetProvider (node_modules/.pnpm/react-native-helmet-async@2.0.4_react@18.3.1/node_modules/react-native-helmet-async/lib/index.js:483:4)
λ  ERROR  Warning: useLayoutEffect does nothing on the server, because its effect cannot be encoded into the server renderer's output format. This will lead to a mismatch between the initial, non-hydrated UI and the intended UI. To avoid this, useLayoutEffect should only be used in components that render exclusively on the client. See https://reactjs.org/link/uselayouteffect-ssr for common fixes.%s
  Screen (node_modules/.pnpm/@react-navigation+elements@2.9.3_@react-navigation+native@7.0.15_react-native@0.76.7_@b_0237228f7f6aaea362361718be625dd7/node_modules/@react-navigation/elements/lib/module/Screen.js:14:34)
  hrefAttrs (node_modules/.pnpm/react-native-web@0.19.13_react-dom@18.3.1_react@18.3.1__react@18.3.1/node_modules/react-native-web/dist/exports/View/index.js:35:24)
  MaybeScreen (node_modules/.pnpm/@react-navigation+bottom-tabs@7.2.1_@react-navigation+native@7.0.15_react-native@0.76.7_0d02d2c85d9a2e3c9cbb8249f56f5462/node_modules/@react-navigation/bottom-tabs/lib/commonjs/views/ScreenFallback.js:35:2)
  hrefAttrs (node_modules/.pnpm/react-native-web@0.19.13_react-dom@18.3.1_react@18.3.1__react@18.3.1/node_modules/react-native-web/dist/exports/View/index.js:35:24)
  MaybeScreenContainer (node_modules/.pnpm/@react-navigation+bottom-tabs@7.2.1_@react-navigation+native@7.0.15_react-native@0.76.7_0d02d2c85d9a2e3c9cbb8249f56f5462/node_modules/@react-navigation/bottom-tabs/lib/commonjs/views/ScreenFallback.js:20:2)
  hrefAttrs (node_modules/.pnpm/react-native-web@0.19.13_react-dom@18.3.1_react@18.3.1__react@18.3.1/node_modules/react-native-web/dist/exports/View/index.js:35:24)
  FrameSizeProvider (node_modules/.pnpm/@react-navigation+elements@2.9.3_@react-navigation+native@7.0.15_react-native@0.76.7_@b_0237228f7f6aaea362361718be625dd7/node_modules/@react-navigation/elements/lib/module/useFrameSize.js:18:2)
  SafeAreaProviderCompat (node_modules/.pnpm/@react-navigation+elements@2.9.3_@react-navigation+native@7.0.15_react-native@0.76.7_@b_0237228f7f6aaea362361718be625dd7/node_modules/@react-navigation/elements/lib/module/SafeAreaProviderCompat.js:31:2)
  BottomTabView (node_modules/.pnpm/@react-navigation+bottom-tabs@7.2.1_@react-navigation+native@7.0.15_react-native@0.76.7_0d02d2c85d9a2e3c9cbb8249f56f5462/node_modules/@react-navigation/bottom-tabs/lib/commonjs/views/BottomTabView.js:54:4)
  PreventRemoveProvider (node_modules/.pnpm/@react-navigation+core@7.4.0_react@18.3.1/node_modules/@react-navigation/core/lib/commonjs/PreventRemoveProvider.js:38:2)
  NavigationContent (node_modules/.pnpm/@react-navigation+core@7.4.0_react@18.3.1/node_modules/@react-navigation/core/lib/commonjs/useComponent.js:12:2)
  children (node_modules/.pnpm/@react-navigation+core@7.4.0_react@18.3.1/node_modules/@react-navigation/core/lib/commonjs/useComponent.js:28:4)
  BottomTabNavigator (node_modules/.pnpm/@react-navigation+bottom-tabs@7.2.1_@react-navigation+native@7.0.15_react-native@0.76.7_0d02d2c85d9a2e3c9cbb8249f56f5462/node_modules/@react-navigation/bottom-tabs/lib/commonjs/navigators/createBottomTabNavigator.js:11:2)
  userDefinedChildren (node_modules/.pnpm/expo-router@4.0.17_4ac4db59f81c99dbed58bb7f7ca8960b/node_modules/expo-router/build/layouts/withLayoutContext.js:75:62)
  TabLayout (app/(tabs)/_layout.tsx:56:36)
  Route (node_modules/.pnpm/expo-router@4.0.17_4ac4db59f81c99dbed58bb7f7ca8960b/node_modules/expo-router/build/Route.js:52:17)
  route (node_modules/.pnpm/expo-router@4.0.17_4ac4db59f81c99dbed58bb7f7ca8960b/node_modules/expo-router/build/useScreens.js:128:4)
  StaticContainer (node_modules/.pnpm/@react-navigation+core@7.4.0_react@18.3.1/node_modules/@react-navigation/core/lib/commonjs/StaticContainer.js:14:15)
  EnsureSingleNavigator (node_modules/.pnpm/@react-navigation+core@7.4.0_react@18.3.1/node_modules/@react-navigation/core/lib/commonjs/EnsureSingleNavigator.js:19:2)
  SceneView (node_modules/.pnpm/@react-navigation+core@7.4.0_react@18.3.1/node_modules/@react-navigation/core/lib/commonjs/SceneView.js:20:2)
  hrefAttrs (node_modules/.pnpm/react-native-web@0.19.13_react-dom@18.3.1_react@18.3.1__react@18.3.1/node_modules/react-native-web/dist/exports/View/index.js:35:24)
  AnimatedHeaderHeightProvider (node_modules/.pnpm/@react-navigation+native-stack@7.2.1_@react-navigation+native@7.0.15_react-native@0.76._acffa41cdd09c3e5cbcec81480cc8a96/node_modules/@react-navigation/native-stack/lib/commonjs/views/NativeStackView.js:117:2)
  hrefAttrs (node_modules/.pnpm/react-native-web@0.19.13_react-dom@18.3.1_react@18.3.1__react@18.3.1/node_modules/react-native-web/dist/exports/View/index.js:35:24)
  hrefAttrs (node_modules/.pnpm/react-native-web@0.19.13_react-dom@18.3.1_react@18.3.1__react@18.3.1/node_modules/react-native-web/dist/exports/View/index.js:35:24)
  <unknown> (node_modules/.pnpm/react-native-web@0.19.13_react-dom@18.3.1_react@18.3.1__react@18.3.1/node_modules/react-native-web/dist/vendor/react-native/Animated/createAnimatedComponent.js:25:44)
  Background (node_modules/.pnpm/@react-navigation+elements@2.9.3_@react-navigation+native@7.0.15_react-native@0.76.7_@b_0237228f7f6aaea362361718be625dd7/node_modules/@react-navigation/elements/lib/module/Background.js:8:2)
  Screen (node_modules/.pnpm/@react-navigation+elements@2.9.3_@react-navigation+native@7.0.15_react-native@0.76.7_@b_0237228f7f6aaea362361718be625dd7/node_modules/@react-navigation/elements/lib/module/Screen.js:14:34)
  hrefAttrs (node_modules/.pnpm/react-native-web@0.19.13_react-dom@18.3.1_react@18.3.1__react@18.3.1/node_modules/react-native-web/dist/exports/View/index.js:35:24)
  FrameSizeProvider (node_modules/.pnpm/@react-navigation+elements@2.9.3_@react-navigation+native@7.0.15_react-native@0.76.7_@b_0237228f7f6aaea362361718be625dd7/node_modules/@react-navigation/elements/lib/module/useFrameSize.js:18:2)
  SafeAreaProviderCompat (node_modules/.pnpm/@react-navigation+elements@2.9.3_@react-navigation+native@7.0.15_react-native@0.76.7_@b_0237228f7f6aaea362361718be625dd7/node_modules/@react-navigation/elements/lib/module/SafeAreaProviderCompat.js:31:2)
  NativeStackView (node_modules/.pnpm/@react-navigation+native-stack@7.2.1_@react-navigation+native@7.0.15_react-native@0.76._acffa41cdd09c3e5cbcec81480cc8a96/node_modules/@react-navigation/native-stack/lib/commonjs/views/NativeStackView.js:17:2)
  PreventRemoveProvider (node_modules/.pnpm/@react-navigation+core@7.4.0_react@18.3.1/node_modules/@react-navigation/core/lib/commonjs/PreventRemoveProvider.js:38:2)
  NavigationContent (node_modules/.pnpm/@react-navigation+core@7.4.0_react@18.3.1/node_modules/@react-navigation/core/lib/commonjs/useComponent.js:12:2)
  children (node_modules/.pnpm/@react-navigation+core@7.4.0_react@18.3.1/node_modules/@react-navigation/core/lib/commonjs/useComponent.js:28:4)
  NativeStackNavigator (node_modules/.pnpm/@react-navigation+native-stack@7.2.1_@react-navigation+native@7.0.15_react-native@0.76._acffa41cdd09c3e5cbcec81480cc8a96/node_modules/@react-navigation/native-stack/lib/commonjs/navigators/createNativeStackNavigator.js:14:2)
  userDefinedChildren (node_modules/.pnpm/expo-router@4.0.17_4ac4db59f81c99dbed58bb7f7ca8960b/node_modules/expo-router/build/layouts/withLayoutContext.js:75:62)
  ThemeProvider (node_modules/.pnpm/@react-navigation+core@7.4.0_react@18.3.1/node_modules/@react-navigation/core/lib/commonjs/theming/ThemeProvider.js:13:2)
  RootLayout (app/_layout.web.tsx:15:36)
  Route (node_modules/.pnpm/expo-router@4.0.17_4ac4db59f81c99dbed58bb7f7ca8960b/node_modules/expo-router/build/Route.js:52:17)
  route (node_modules/.pnpm/expo-router@4.0.17_4ac4db59f81c99dbed58bb7f7ca8960b/node_modules/expo-router/build/useScreens.js:128:4)
  hrefAttrs (node_modules/.pnpm/react-native-web@0.19.13_react-dom@18.3.1_react@18.3.1__react@18.3.1/node_modules/react-native-web/dist/exports/View/index.js:35:24)
  NativeSafeAreaProvider (node_modules/.pnpm/react-native-safe-area-context@4.12.0_react-native@0.76.7_@babel+core@7.26.9_@babel+pre_3d34cde14eab38e7711a23ea2394f188/node_modules/react-native-safe-area-context/lib/commonjs/NativeSafeAreaProvider.web.js:29:2)
  SafeAreaProvider (node_modules/.pnpm/react-native-safe-area-context@4.12.0_react-native@0.76.7_@babel+core@7.26.9_@babel+pre_3d34cde14eab38e7711a23ea2394f188/node_modules/react-native-safe-area-context/lib/commonjs/SafeAreaContext.js:28:2)
  Html (node_modules/.pnpm/expo-router@4.0.17_4ac4db59f81c99dbed58bb7f7ca8960b/node_modules/expo-router/build/static/html.js:23:16)
  wrapper (node_modules/.pnpm/expo-router@4.0.17_4ac4db59f81c99dbed58bb7f7ca8960b/node_modules/expo-router/build/static/renderStaticContent.js:66:24)
  wrapper (node_modules/.pnpm/expo-router@4.0.17_4ac4db59f81c99dbed58bb7f7ca8960b/node_modules/expo-router/build/ExpoRoot.js:53:23)
  ThemeProvider (node_modules/.pnpm/@react-navigation+core@7.4.0_react@18.3.1/node_modules/@react-navigation/core/lib/commonjs/theming/ThemeProvider.js:13:2)
  EnsureSingleNavigator (node_modules/.pnpm/@react-navigation+core@7.4.0_react@18.3.1/node_modules/@react-navigation/core/lib/commonjs/EnsureSingleNavigator.js:19:2)
  BaseNavigationContainer (node_modules/.pnpm/@react-navigation+core@7.4.0_react@18.3.1/node_modules/@react-navigation/core/lib/commonjs/BaseNavigationContainer.js:79:2)
  NavigationContainerInner (node_modules/.pnpm/expo-router@4.0.17_4ac4db59f81c99dbed58bb7f7ca8960b/node_modules/expo-router/build/fork/NavigationContainer.js:32:36)
  ContextNavigator (node_modules/.pnpm/expo-router@4.0.17_4ac4db59f81c99dbed58bb7f7ca8960b/node_modules/expo-router/build/ExpoRoot.js:73:28)
  ExpoRoot (node_modules/.pnpm/expo-router@4.0.17_4ac4db59f81c99dbed58bb7f7ca8960b/node_modules/expo-router/build/ExpoRoot.js:47:29)
  AppContainer (../ shim:react-native-web/dist/exports/AppRegistry/AppContainer.js:4:24)
  ServerContainer (node_modules/.pnpm/@react-navigation+native@7.0.15_react-native@0.76.7_@babel+core@7.26.9_@babel+preset-en_7d4ae94349333a190bdc9d22bea4b579/node_modules/@react-navigation/native/lib/commonjs/ServerContainer.js:21:2)
  _HelmetProvider (node_modules/.pnpm/react-native-helmet-async@2.0.4_react@18.3.1/node_modules/react-native-helmet-async/lib/index.js:483:4)
λ  WARN  props.pointerEvents is deprecated. Use style.pointerEvents
Web node_modules/.pnpm/expo-router@4.0.17_4ac4db59f81c99dbed58bb7f7ca8960b/node_modules/expo-router/entry.js ░░░░░░░░░░░░░░░░  0.0% (0/1)
Web node_modules/.pnpm/expo-router@4.0.17_4ac4db59f81c99dbed58bb7f7ca8960b/node_modules/expo-router/entry.js ▓▓▓▓▓▓▓▓░░░░░░░░ 51.8% (350/507)
Web node_modules/.pnpm/expo-router@4.0.17_4ac4db59f81c99dbed58bb7f7ca8960b/node_modules/expo-router/entry.js ▓▓▓▓▓▓▓▓▓▓░░░░░░ 65.7% (736/908)
Web node_modules/.pnpm/expo-router@4.0.17_4ac4db59f81c99dbed58bb7f7ca8960b/node_modules/expo-router/entry.js ▓▓▓▓▓▓▓▓▓▓▓▓▓░░░ 86.8% (1226/1316)
Web Bundled 13529ms node_modules/.pnpm/expo-router@4.0.17_4ac4db59f81c99dbed58bb7f7ca8960b/node_modules/expo-router/entry.js (1637 modules)
Web node_modules/.pnpm/expo-router@4.0.17_4ac4db59f81c99dbed58bb7f7ca8960b/node_modules/expo-router/entry.js ░░░░░░░░░░░░░░░░  0.0% (0/1)
λ Bundled 117ms node_modules/.pnpm/expo-router@4.0.17_4ac4db59f81c99dbed58bb7f7ca8960b/node_modules/expo-router/node/render.js (1 module)
λ  WARN  "shadow*" style props are deprecated. Use "boxShadow".
  factory (components/ui/EmptyState.tsx:84:27)
λ  ERROR  Warning: useLayoutEffect does nothing on the server, because its effect cannot be encoded into the server renderer's output format. This will lead to a mismatch between the initial, non-hydrated UI and the intended UI. To avoid this, useLayoutEffect should only be used in components that render exclusively on the client. See https://reactjs.org/link/uselayouteffect-ssr for common fixes.%s
  Screen (node_modules/.pnpm/@react-navigation+elements@2.9.3_@react-navigation+native@7.0.15_react-native@0.76.7_@b_0237228f7f6aaea362361718be625dd7/node_modules/@react-navigation/elements/lib/module/Screen.js:14:34)
  hrefAttrs (node_modules/.pnpm/react-native-web@0.19.13_react-dom@18.3.1_react@18.3.1__react@18.3.1/node_modules/react-native-web/dist/exports/View/index.js:35:24)
  FrameSizeProvider (node_modules/.pnpm/@react-navigation+elements@2.9.3_@react-navigation+native@7.0.15_react-native@0.76.7_@b_0237228f7f6aaea362361718be625dd7/node_modules/@react-navigation/elements/lib/module/useFrameSize.js:18:2)
  SafeAreaProviderCompat (node_modules/.pnpm/@react-navigation+elements@2.9.3_@react-navigation+native@7.0.15_react-native@0.76.7_@b_0237228f7f6aaea362361718be625dd7/node_modules/@react-navigation/elements/lib/module/SafeAreaProviderCompat.js:31:2)
  NativeStackView (node_modules/.pnpm/@react-navigation+native-stack@7.2.1_@react-navigation+native@7.0.15_react-native@0.76._acffa41cdd09c3e5cbcec81480cc8a96/node_modules/@react-navigation/native-stack/lib/commonjs/views/NativeStackView.js:17:2)
  PreventRemoveProvider (node_modules/.pnpm/@react-navigation+core@7.4.0_react@18.3.1/node_modules/@react-navigation/core/lib/commonjs/PreventRemoveProvider.js:38:2)
  NavigationContent (node_modules/.pnpm/@react-navigation+core@7.4.0_react@18.3.1/node_modules/@react-navigation/core/lib/commonjs/useComponent.js:12:2)
  children (node_modules/.pnpm/@react-navigation+core@7.4.0_react@18.3.1/node_modules/@react-navigation/core/lib/commonjs/useComponent.js:28:4)
  NativeStackNavigator (node_modules/.pnpm/@react-navigation+native-stack@7.2.1_@react-navigation+native@7.0.15_react-native@0.76._acffa41cdd09c3e5cbcec81480cc8a96/node_modules/@react-navigation/native-stack/lib/commonjs/navigators/createNativeStackNavigator.js:14:2)
  userDefinedChildren (node_modules/.pnpm/expo-router@4.0.17_4ac4db59f81c99dbed58bb7f7ca8960b/node_modules/expo-router/build/layouts/withLayoutContext.js:75:62)
  ThemeProvider (node_modules/.pnpm/@react-navigation+core@7.4.0_react@18.3.1/node_modules/@react-navigation/core/lib/commonjs/theming/ThemeProvider.js:13:2)
  RootLayout (app/_layout.web.tsx:15:36)
  Route (node_modules/.pnpm/expo-router@4.0.17_4ac4db59f81c99dbed58bb7f7ca8960b/node_modules/expo-router/build/Route.js:52:17)
  route (node_modules/.pnpm/expo-router@4.0.17_4ac4db59f81c99dbed58bb7f7ca8960b/node_modules/expo-router/build/useScreens.js:128:4)
  hrefAttrs (node_modules/.pnpm/react-native-web@0.19.13_react-dom@18.3.1_react@18.3.1__react@18.3.1/node_modules/react-native-web/dist/exports/View/index.js:35:24)
  NativeSafeAreaProvider (node_modules/.pnpm/react-native-safe-area-context@4.12.0_react-native@0.76.7_@babel+core@7.26.9_@babel+pre_3d34cde14eab38e7711a23ea2394f188/node_modules/react-native-safe-area-context/lib/commonjs/NativeSafeAreaProvider.web.js:29:2)
  SafeAreaProvider (node_modules/.pnpm/react-native-safe-area-context@4.12.0_react-native@0.76.7_@babel+core@7.26.9_@babel+pre_3d34cde14eab38e7711a23ea2394f188/node_modules/react-native-safe-area-context/lib/commonjs/SafeAreaContext.js:28:2)
  Html (node_modules/.pnpm/expo-router@4.0.17_4ac4db59f81c99dbed58bb7f7ca8960b/node_modules/expo-router/build/static/html.js:23:16)
  wrapper (node_modules/.pnpm/expo-router@4.0.17_4ac4db59f81c99dbed58bb7f7ca8960b/node_modules/expo-router/build/static/renderStaticContent.js:66:24)
  wrapper (node_modules/.pnpm/expo-router@4.0.17_4ac4db59f81c99dbed58bb7f7ca8960b/node_modules/expo-router/build/ExpoRoot.js:53:23)
  ThemeProvider (node_modules/.pnpm/@react-navigation+core@7.4.0_react@18.3.1/node_modules/@react-navigation/core/lib/commonjs/theming/ThemeProvider.js:13:2)
  EnsureSingleNavigator (node_modules/.pnpm/@react-navigation+core@7.4.0_react@18.3.1/node_modules/@react-navigation/core/lib/commonjs/EnsureSingleNavigator.js:19:2)
  BaseNavigationContainer (node_modules/.pnpm/@react-navigation+core@7.4.0_react@18.3.1/node_modules/@react-navigation/core/lib/commonjs/BaseNavigationContainer.js:79:2)
  NavigationContainerInner (node_modules/.pnpm/expo-router@4.0.17_4ac4db59f81c99dbed58bb7f7ca8960b/node_modules/expo-router/build/fork/NavigationContainer.js:32:36)
  ContextNavigator (node_modules/.pnpm/expo-router@4.0.17_4ac4db59f81c99dbed58bb7f7ca8960b/node_modules/expo-router/build/ExpoRoot.js:73:28)
  ExpoRoot (node_modules/.pnpm/expo-router@4.0.17_4ac4db59f81c99dbed58bb7f7ca8960b/node_modules/expo-router/build/ExpoRoot.js:47:29)
  AppContainer (../ shim:react-native-web/dist/exports/AppRegistry/AppContainer.js:4:24)
  ServerContainer (node_modules/.pnpm/@react-navigation+native@7.0.15_react-native@0.76.7_@babel+core@7.26.9_@babel+preset-en_7d4ae94349333a190bdc9d22bea4b579/node_modules/@react-navigation/native/lib/commonjs/ServerContainer.js:21:2)
  _HelmetProvider (node_modules/.pnpm/react-native-helmet-async@2.0.4_react@18.3.1/node_modules/react-native-helmet-async/lib/index.js:483:4)
λ  ERROR  Warning: useLayoutEffect does nothing on the server, because its effect cannot be encoded into the server renderer's output format. This will lead to a mismatch between the initial, non-hydrated UI and the intended UI. To avoid this, useLayoutEffect should only be used in components that render exclusively on the client. See https://reactjs.org/link/uselayouteffect-ssr for common fixes.%s
  Screen (node_modules/.pnpm/@react-navigation+elements@2.9.3_@react-navigation+native@7.0.15_react-native@0.76.7_@b_0237228f7f6aaea362361718be625dd7/node_modules/@react-navigation/elements/lib/module/Screen.js:14:34)
  hrefAttrs (node_modules/.pnpm/react-native-web@0.19.13_react-dom@18.3.1_react@18.3.1__react@18.3.1/node_modules/react-native-web/dist/exports/View/index.js:35:24)
  MaybeScreen (node_modules/.pnpm/@react-navigation+bottom-tabs@7.2.1_@react-navigation+native@7.0.15_react-native@0.76.7_0d02d2c85d9a2e3c9cbb8249f56f5462/node_modules/@react-navigation/bottom-tabs/lib/commonjs/views/ScreenFallback.js:35:2)
  hrefAttrs (node_modules/.pnpm/react-native-web@0.19.13_react-dom@18.3.1_react@18.3.1__react@18.3.1/node_modules/react-native-web/dist/exports/View/index.js:35:24)
  MaybeScreenContainer (node_modules/.pnpm/@react-navigation+bottom-tabs@7.2.1_@react-navigation+native@7.0.15_react-native@0.76.7_0d02d2c85d9a2e3c9cbb8249f56f5462/node_modules/@react-navigation/bottom-tabs/lib/commonjs/views/ScreenFallback.js:20:2)
  hrefAttrs (node_modules/.pnpm/react-native-web@0.19.13_react-dom@18.3.1_react@18.3.1__react@18.3.1/node_modules/react-native-web/dist/exports/View/index.js:35:24)
  FrameSizeProvider (node_modules/.pnpm/@react-navigation+elements@2.9.3_@react-navigation+native@7.0.15_react-native@0.76.7_@b_0237228f7f6aaea362361718be625dd7/node_modules/@react-navigation/elements/lib/module/useFrameSize.js:18:2)
  SafeAreaProviderCompat (node_modules/.pnpm/@react-navigation+elements@2.9.3_@react-navigation+native@7.0.15_react-native@0.76.7_@b_0237228f7f6aaea362361718be625dd7/node_modules/@react-navigation/elements/lib/module/SafeAreaProviderCompat.js:31:2)
  BottomTabView (node_modules/.pnpm/@react-navigation+bottom-tabs@7.2.1_@react-navigation+native@7.0.15_react-native@0.76.7_0d02d2c85d9a2e3c9cbb8249f56f5462/node_modules/@react-navigation/bottom-tabs/lib/commonjs/views/BottomTabView.js:54:4)
  PreventRemoveProvider (node_modules/.pnpm/@react-navigation+core@7.4.0_react@18.3.1/node_modules/@react-navigation/core/lib/commonjs/PreventRemoveProvider.js:38:2)
  NavigationContent (node_modules/.pnpm/@react-navigation+core@7.4.0_react@18.3.1/node_modules/@react-navigation/core/lib/commonjs/useComponent.js:12:2)
  children (node_modules/.pnpm/@react-navigation+core@7.4.0_react@18.3.1/node_modules/@react-navigation/core/lib/commonjs/useComponent.js:28:4)
  BottomTabNavigator (node_modules/.pnpm/@react-navigation+bottom-tabs@7.2.1_@react-navigation+native@7.0.15_react-native@0.76.7_0d02d2c85d9a2e3c9cbb8249f56f5462/node_modules/@react-navigation/bottom-tabs/lib/commonjs/navigators/createBottomTabNavigator.js:11:2)
  userDefinedChildren (node_modules/.pnpm/expo-router@4.0.17_4ac4db59f81c99dbed58bb7f7ca8960b/node_modules/expo-router/build/layouts/withLayoutContext.js:75:62)
  TabLayout (app/(tabs)/_layout.tsx:56:36)
  Route (node_modules/.pnpm/expo-router@4.0.17_4ac4db59f81c99dbed58bb7f7ca8960b/node_modules/expo-router/build/Route.js:52:17)
  route (node_modules/.pnpm/expo-router@4.0.17_4ac4db59f81c99dbed58bb7f7ca8960b/node_modules/expo-router/build/useScreens.js:128:4)
  StaticContainer (node_modules/.pnpm/@react-navigation+core@7.4.0_react@18.3.1/node_modules/@react-navigation/core/lib/commonjs/StaticContainer.js:14:15)
  EnsureSingleNavigator (node_modules/.pnpm/@react-navigation+core@7.4.0_react@18.3.1/node_modules/@react-navigation/core/lib/commonjs/EnsureSingleNavigator.js:19:2)
  SceneView (node_modules/.pnpm/@react-navigation+core@7.4.0_react@18.3.1/node_modules/@react-navigation/core/lib/commonjs/SceneView.js:20:2)
  hrefAttrs (node_modules/.pnpm/react-native-web@0.19.13_react-dom@18.3.1_react@18.3.1__react@18.3.1/node_modules/react-native-web/dist/exports/View/index.js:35:24)
  AnimatedHeaderHeightProvider (node_modules/.pnpm/@react-navigation+native-stack@7.2.1_@react-navigation+native@7.0.15_react-native@0.76._acffa41cdd09c3e5cbcec81480cc8a96/node_modules/@react-navigation/native-stack/lib/commonjs/views/NativeStackView.js:117:2)
  hrefAttrs (node_modules/.pnpm/react-native-web@0.19.13_react-dom@18.3.1_react@18.3.1__react@18.3.1/node_modules/react-native-web/dist/exports/View/index.js:35:24)
  hrefAttrs (node_modules/.pnpm/react-native-web@0.19.13_react-dom@18.3.1_react@18.3.1__react@18.3.1/node_modules/react-native-web/dist/exports/View/index.js:35:24)
  <unknown> (node_modules/.pnpm/react-native-web@0.19.13_react-dom@18.3.1_react@18.3.1__react@18.3.1/node_modules/react-native-web/dist/vendor/react-native/Animated/createAnimatedComponent.js:25:44)
  Background (node_modules/.pnpm/@react-navigation+elements@2.9.3_@react-navigation+native@7.0.15_react-native@0.76.7_@b_0237228f7f6aaea362361718be625dd7/node_modules/@react-navigation/elements/lib/module/Background.js:8:2)
  Screen (node_modules/.pnpm/@react-navigation+elements@2.9.3_@react-navigation+native@7.0.15_react-native@0.76.7_@b_0237228f7f6aaea362361718be625dd7/node_modules/@react-navigation/elements/lib/module/Screen.js:14:34)
  hrefAttrs (node_modules/.pnpm/react-native-web@0.19.13_react-dom@18.3.1_react@18.3.1__react@18.3.1/node_modules/react-native-web/dist/exports/View/index.js:35:24)
  FrameSizeProvider (node_modules/.pnpm/@react-navigation+elements@2.9.3_@react-navigation+native@7.0.15_react-native@0.76.7_@b_0237228f7f6aaea362361718be625dd7/node_modules/@react-navigation/elements/lib/module/useFrameSize.js:18:2)
  SafeAreaProviderCompat (node_modules/.pnpm/@react-navigation+elements@2.9.3_@react-navigation+native@7.0.15_react-native@0.76.7_@b_0237228f7f6aaea362361718be625dd7/node_modules/@react-navigation/elements/lib/module/SafeAreaProviderCompat.js:31:2)
  NativeStackView (node_modules/.pnpm/@react-navigation+native-stack@7.2.1_@react-navigation+native@7.0.15_react-native@0.76._acffa41cdd09c3e5cbcec81480cc8a96/node_modules/@react-navigation/native-stack/lib/commonjs/views/NativeStackView.js:17:2)
  PreventRemoveProvider (node_modules/.pnpm/@react-navigation+core@7.4.0_react@18.3.1/node_modules/@react-navigation/core/lib/commonjs/PreventRemoveProvider.js:38:2)
  NavigationContent (node_modules/.pnpm/@react-navigation+core@7.4.0_react@18.3.1/node_modules/@react-navigation/core/lib/commonjs/useComponent.js:12:2)
  children (node_modules/.pnpm/@react-navigation+core@7.4.0_react@18.3.1/node_modules/@react-navigation/core/lib/commonjs/useComponent.js:28:4)
  NativeStackNavigator (node_modules/.pnpm/@react-navigation+native-stack@7.2.1_@react-navigation+native@7.0.15_react-native@0.76._acffa41cdd09c3e5cbcec81480cc8a96/node_modules/@react-navigation/native-stack/lib/commonjs/navigators/createNativeStackNavigator.js:14:2)
  userDefinedChildren (node_modules/.pnpm/expo-router@4.0.17_4ac4db59f81c99dbed58bb7f7ca8960b/node_modules/expo-router/build/layouts/withLayoutContext.js:75:62)
  ThemeProvider (node_modules/.pnpm/@react-navigation+core@7.4.0_react@18.3.1/node_modules/@react-navigation/core/lib/commonjs/theming/ThemeProvider.js:13:2)
  RootLayout (app/_layout.web.tsx:15:36)
  Route (node_modules/.pnpm/expo-router@4.0.17_4ac4db59f81c99dbed58bb7f7ca8960b/node_modules/expo-router/build/Route.js:52:17)
  route (node_modules/.pnpm/expo-router@4.0.17_4ac4db59f81c99dbed58bb7f7ca8960b/node_modules/expo-router/build/useScreens.js:128:4)
  hrefAttrs (node_modules/.pnpm/react-native-web@0.19.13_react-dom@18.3.1_react@18.3.1__react@18.3.1/node_modules/react-native-web/dist/exports/View/index.js:35:24)
  NativeSafeAreaProvider (node_modules/.pnpm/react-native-safe-area-context@4.12.0_react-native@0.76.7_@babel+core@7.26.9_@babel+pre_3d34cde14eab38e7711a23ea2394f188/node_modules/react-native-safe-area-context/lib/commonjs/NativeSafeAreaProvider.web.js:29:2)
  SafeAreaProvider (node_modules/.pnpm/react-native-safe-area-context@4.12.0_react-native@0.76.7_@babel+core@7.26.9_@babel+pre_3d34cde14eab38e7711a23ea2394f188/node_modules/react-native-safe-area-context/lib/commonjs/SafeAreaContext.js:28:2)
  Html (node_modules/.pnpm/expo-router@4.0.17_4ac4db59f81c99dbed58bb7f7ca8960b/node_modules/expo-router/build/static/html.js:23:16)
  wrapper (node_modules/.pnpm/expo-router@4.0.17_4ac4db59f81c99dbed58bb7f7ca8960b/node_modules/expo-router/build/static/renderStaticContent.js:66:24)
  wrapper (node_modules/.pnpm/expo-router@4.0.17_4ac4db59f81c99dbed58bb7f7ca8960b/node_modules/expo-router/build/ExpoRoot.js:53:23)
  ThemeProvider (node_modules/.pnpm/@react-navigation+core@7.4.0_react@18.3.1/node_modules/@react-navigation/core/lib/commonjs/theming/ThemeProvider.js:13:2)
  EnsureSingleNavigator (node_modules/.pnpm/@react-navigation+core@7.4.0_react@18.3.1/node_modules/@react-navigation/core/lib/commonjs/EnsureSingleNavigator.js:19:2)
  BaseNavigationContainer (node_modules/.pnpm/@react-navigation+core@7.4.0_react@18.3.1/node_modules/@react-navigation/core/lib/commonjs/BaseNavigationContainer.js:79:2)
  NavigationContainerInner (node_modules/.pnpm/expo-router@4.0.17_4ac4db59f81c99dbed58bb7f7ca8960b/node_modules/expo-router/build/fork/NavigationContainer.js:32:36)
  ContextNavigator (node_modules/.pnpm/expo-router@4.0.17_4ac4db59f81c99dbed58bb7f7ca8960b/node_modules/expo-router/build/ExpoRoot.js:73:28)
  ExpoRoot (node_modules/.pnpm/expo-router@4.0.17_4ac4db59f81c99dbed58bb7f7ca8960b/node_modules/expo-router/build/ExpoRoot.js:47:29)
  AppContainer (../ shim:react-native-web/dist/exports/AppRegistry/AppContainer.js:4:24)
  ServerContainer (node_modules/.pnpm/@react-navigation+native@7.0.15_react-native@0.76.7_@babel+core@7.26.9_@babel+preset-en_7d4ae94349333a190bdc9d22bea4b579/node_modules/@react-navigation/native/lib/commonjs/ServerContainer.js:21:2)
  _HelmetProvider (node_modules/.pnpm/react-native-helmet-async@2.0.4_react@18.3.1/node_modules/react-native-helmet-async/lib/index.js:483:4)
λ  WARN  props.pointerEvents is deprecated. Use style.pointerEvents
Web Bundled 1263ms node_modules/.pnpm/expo-router@4.0.17_4ac4db59f81c99dbed58bb7f7ca8960b/node_modules/expo-router/entry.js (1 module)
Web node_modules/.pnpm/expo-router@4.0.17_4ac4db59f81c99dbed58bb7f7ca8960b/node_modules/expo-router/entry.js ░░░░░░░░░░░░░░░░  0.0% (0/1)
λ Bundled 104ms node_modules/.pnpm/expo-router@4.0.17_4ac4db59f81c99dbed58bb7f7ca8960b/node_modules/expo-router/node/render.js (1 module)
λ  WARN  "shadow*" style props are deprecated. Use "boxShadow".
  factory (components/ui/EmptyState.tsx:84:27)
λ  ERROR  Warning: useLayoutEffect does nothing on the server, because its effect cannot be encoded into the server renderer's output format. This will lead to a mismatch between the initial, non-hydrated UI and the intended UI. To avoid this, useLayoutEffect should only be used in components that render exclusively on the client. See https://reactjs.org/link/uselayouteffect-ssr for common fixes.%s
  Screen (node_modules/.pnpm/@react-navigation+elements@2.9.3_@react-navigation+native@7.0.15_react-native@0.76.7_@b_0237228f7f6aaea362361718be625dd7/node_modules/@react-navigation/elements/lib/module/Screen.js:14:34)
  hrefAttrs (node_modules/.pnpm/react-native-web@0.19.13_react-dom@18.3.1_react@18.3.1__react@18.3.1/node_modules/react-native-web/dist/exports/View/index.js:35:24)
  FrameSizeProvider (node_modules/.pnpm/@react-navigation+elements@2.9.3_@react-navigation+native@7.0.15_react-native@0.76.7_@b_0237228f7f6aaea362361718be625dd7/node_modules/@react-navigation/elements/lib/module/useFrameSize.js:18:2)
  SafeAreaProviderCompat (node_modules/.pnpm/@react-navigation+elements@2.9.3_@react-navigation+native@7.0.15_react-native@0.76.7_@b_0237228f7f6aaea362361718be625dd7/node_modules/@react-navigation/elements/lib/module/SafeAreaProviderCompat.js:31:2)
  NativeStackView (node_modules/.pnpm/@react-navigation+native-stack@7.2.1_@react-navigation+native@7.0.15_react-native@0.76._acffa41cdd09c3e5cbcec81480cc8a96/node_modules/@react-navigation/native-stack/lib/commonjs/views/NativeStackView.js:17:2)
  PreventRemoveProvider (node_modules/.pnpm/@react-navigation+core@7.4.0_react@18.3.1/node_modules/@react-navigation/core/lib/commonjs/PreventRemoveProvider.js:38:2)
  NavigationContent (node_modules/.pnpm/@react-navigation+core@7.4.0_react@18.3.1/node_modules/@react-navigation/core/lib/commonjs/useComponent.js:12:2)
  children (node_modules/.pnpm/@react-navigation+core@7.4.0_react@18.3.1/node_modules/@react-navigation/core/lib/commonjs/useComponent.js:28:4)
  NativeStackNavigator (node_modules/.pnpm/@react-navigation+native-stack@7.2.1_@react-navigation+native@7.0.15_react-native@0.76._acffa41cdd09c3e5cbcec81480cc8a96/node_modules/@react-navigation/native-stack/lib/commonjs/navigators/createNativeStackNavigator.js:14:2)
  userDefinedChildren (node_modules/.pnpm/expo-router@4.0.17_4ac4db59f81c99dbed58bb7f7ca8960b/node_modules/expo-router/build/layouts/withLayoutContext.js:75:62)
  ThemeProvider (node_modules/.pnpm/@react-navigation+core@7.4.0_react@18.3.1/node_modules/@react-navigation/core/lib/commonjs/theming/ThemeProvider.js:13:2)
  RootLayout (app/_layout.web.tsx:15:36)
  Route (node_modules/.pnpm/expo-router@4.0.17_4ac4db59f81c99dbed58bb7f7ca8960b/node_modules/expo-router/build/Route.js:52:17)
  route (node_modules/.pnpm/expo-router@4.0.17_4ac4db59f81c99dbed58bb7f7ca8960b/node_modules/expo-router/build/useScreens.js:128:4)
  hrefAttrs (node_modules/.pnpm/react-native-web@0.19.13_react-dom@18.3.1_react@18.3.1__react@18.3.1/node_modules/react-native-web/dist/exports/View/index.js:35:24)
  NativeSafeAreaProvider (node_modules/.pnpm/react-native-safe-area-context@4.12.0_react-native@0.76.7_@babel+core@7.26.9_@babel+pre_3d34cde14eab38e7711a23ea2394f188/node_modules/react-native-safe-area-context/lib/commonjs/NativeSafeAreaProvider.web.js:29:2)
  SafeAreaProvider (node_modules/.pnpm/react-native-safe-area-context@4.12.0_react-native@0.76.7_@babel+core@7.26.9_@babel+pre_3d34cde14eab38e7711a23ea2394f188/node_modules/react-native-safe-area-context/lib/commonjs/SafeAreaContext.js:28:2)
  Html (node_modules/.pnpm/expo-router@4.0.17_4ac4db59f81c99dbed58bb7f7ca8960b/node_modules/expo-router/build/static/html.js:23:16)
  wrapper (node_modules/.pnpm/expo-router@4.0.17_4ac4db59f81c99dbed58bb7f7ca8960b/node_modules/expo-router/build/static/renderStaticContent.js:66:24)
  wrapper (node_modules/.pnpm/expo-router@4.0.17_4ac4db59f81c99dbed58bb7f7ca8960b/node_modules/expo-router/build/ExpoRoot.js:53:23)
  ThemeProvider (node_modules/.pnpm/@react-navigation+core@7.4.0_react@18.3.1/node_modules/@react-navigation/core/lib/commonjs/theming/ThemeProvider.js:13:2)
  EnsureSingleNavigator (node_modules/.pnpm/@react-navigation+core@7.4.0_react@18.3.1/node_modules/@react-navigation/core/lib/commonjs/EnsureSingleNavigator.js:19:2)
  BaseNavigationContainer (node_modules/.pnpm/@react-navigation+core@7.4.0_react@18.3.1/node_modules/@react-navigation/core/lib/commonjs/BaseNavigationContainer.js:79:2)
  NavigationContainerInner (node_modules/.pnpm/expo-router@4.0.17_4ac4db59f81c99dbed58bb7f7ca8960b/node_modules/expo-router/build/fork/NavigationContainer.js:32:36)
  ContextNavigator (node_modules/.pnpm/expo-router@4.0.17_4ac4db59f81c99dbed58bb7f7ca8960b/node_modules/expo-router/build/ExpoRoot.js:73:28)
  ExpoRoot (node_modules/.pnpm/expo-router@4.0.17_4ac4db59f81c99dbed58bb7f7ca8960b/node_modules/expo-router/build/ExpoRoot.js:47:29)
  AppContainer (../ shim:react-native-web/dist/exports/AppRegistry/AppContainer.js:4:24)
  ServerContainer (node_modules/.pnpm/@react-navigation+native@7.0.15_react-native@0.76.7_@babel+core@7.26.9_@babel+preset-en_7d4ae94349333a190bdc9d22bea4b579/node_modules/@react-navigation/native/lib/commonjs/ServerContainer.js:21:2)
  _HelmetProvider (node_modules/.pnpm/react-native-helmet-async@2.0.4_react@18.3.1/node_modules/react-native-helmet-async/lib/index.js:483:4)
λ  ERROR  Warning: useLayoutEffect does nothing on the server, because its effect cannot be encoded into the server renderer's output format. This will lead to a mismatch between the initial, non-hydrated UI and the intended UI. To avoid this, useLayoutEffect should only be used in components that render exclusively on the client. See https://reactjs.org/link/uselayouteffect-ssr for common fixes.%s
  Screen (node_modules/.pnpm/@react-navigation+elements@2.9.3_@react-navigation+native@7.0.15_react-native@0.76.7_@b_0237228f7f6aaea362361718be625dd7/node_modules/@react-navigation/elements/lib/module/Screen.js:14:34)
  hrefAttrs (node_modules/.pnpm/react-native-web@0.19.13_react-dom@18.3.1_react@18.3.1__react@18.3.1/node_modules/react-native-web/dist/exports/View/index.js:35:24)
  MaybeScreen (node_modules/.pnpm/@react-navigation+bottom-tabs@7.2.1_@react-navigation+native@7.0.15_react-native@0.76.7_0d02d2c85d9a2e3c9cbb8249f56f5462/node_modules/@react-navigation/bottom-tabs/lib/commonjs/views/ScreenFallback.js:35:2)
  hrefAttrs (node_modules/.pnpm/react-native-web@0.19.13_react-dom@18.3.1_react@18.3.1__react@18.3.1/node_modules/react-native-web/dist/exports/View/index.js:35:24)
  MaybeScreenContainer (node_modules/.pnpm/@react-navigation+bottom-tabs@7.2.1_@react-navigation+native@7.0.15_react-native@0.76.7_0d02d2c85d9a2e3c9cbb8249f56f5462/node_modules/@react-navigation/bottom-tabs/lib/commonjs/views/ScreenFallback.js:20:2)
  hrefAttrs (node_modules/.pnpm/react-native-web@0.19.13_react-dom@18.3.1_react@18.3.1__react@18.3.1/node_modules/react-native-web/dist/exports/View/index.js:35:24)
  FrameSizeProvider (node_modules/.pnpm/@react-navigation+elements@2.9.3_@react-navigation+native@7.0.15_react-native@0.76.7_@b_0237228f7f6aaea362361718be625dd7/node_modules/@react-navigation/elements/lib/module/useFrameSize.js:18:2)
  SafeAreaProviderCompat (node_modules/.pnpm/@react-navigation+elements@2.9.3_@react-navigation+native@7.0.15_react-native@0.76.7_@b_0237228f7f6aaea362361718be625dd7/node_modules/@react-navigation/elements/lib/module/SafeAreaProviderCompat.js:31:2)
  BottomTabView (node_modules/.pnpm/@react-navigation+bottom-tabs@7.2.1_@react-navigation+native@7.0.15_react-native@0.76.7_0d02d2c85d9a2e3c9cbb8249f56f5462/node_modules/@react-navigation/bottom-tabs/lib/commonjs/views/BottomTabView.js:54:4)
  PreventRemoveProvider (node_modules/.pnpm/@react-navigation+core@7.4.0_react@18.3.1/node_modules/@react-navigation/core/lib/commonjs/PreventRemoveProvider.js:38:2)
  NavigationContent (node_modules/.pnpm/@react-navigation+core@7.4.0_react@18.3.1/node_modules/@react-navigation/core/lib/commonjs/useComponent.js:12:2)
  children (node_modules/.pnpm/@react-navigation+core@7.4.0_react@18.3.1/node_modules/@react-navigation/core/lib/commonjs/useComponent.js:28:4)
  BottomTabNavigator (node_modules/.pnpm/@react-navigation+bottom-tabs@7.2.1_@react-navigation+native@7.0.15_react-native@0.76.7_0d02d2c85d9a2e3c9cbb8249f56f5462/node_modules/@react-navigation/bottom-tabs/lib/commonjs/navigators/createBottomTabNavigator.js:11:2)
  userDefinedChildren (node_modules/.pnpm/expo-router@4.0.17_4ac4db59f81c99dbed58bb7f7ca8960b/node_modules/expo-router/build/layouts/withLayoutContext.js:75:62)
  TabLayout (app/(tabs)/_layout.tsx:56:36)
  Route (node_modules/.pnpm/expo-router@4.0.17_4ac4db59f81c99dbed58bb7f7ca8960b/node_modules/expo-router/build/Route.js:52:17)
  route (node_modules/.pnpm/expo-router@4.0.17_4ac4db59f81c99dbed58bb7f7ca8960b/node_modules/expo-router/build/useScreens.js:128:4)
  StaticContainer (node_modules/.pnpm/@react-navigation+core@7.4.0_react@18.3.1/node_modules/@react-navigation/core/lib/commonjs/StaticContainer.js:14:15)
  EnsureSingleNavigator (node_modules/.pnpm/@react-navigation+core@7.4.0_react@18.3.1/node_modules/@react-navigation/core/lib/commonjs/EnsureSingleNavigator.js:19:2)
  SceneView (node_modules/.pnpm/@react-navigation+core@7.4.0_react@18.3.1/node_modules/@react-navigation/core/lib/commonjs/SceneView.js:20:2)
  hrefAttrs (node_modules/.pnpm/react-native-web@0.19.13_react-dom@18.3.1_react@18.3.1__react@18.3.1/node_modules/react-native-web/dist/exports/View/index.js:35:24)
  AnimatedHeaderHeightProvider (node_modules/.pnpm/@react-navigation+native-stack@7.2.1_@react-navigation+native@7.0.15_react-native@0.76._acffa41cdd09c3e5cbcec81480cc8a96/node_modules/@react-navigation/native-stack/lib/commonjs/views/NativeStackView.js:117:2)
  hrefAttrs (node_modules/.pnpm/react-native-web@0.19.13_react-dom@18.3.1_react@18.3.1__react@18.3.1/node_modules/react-native-web/dist/exports/View/index.js:35:24)
  hrefAttrs (node_modules/.pnpm/react-native-web@0.19.13_react-dom@18.3.1_react@18.3.1__react@18.3.1/node_modules/react-native-web/dist/exports/View/index.js:35:24)
  <unknown> (node_modules/.pnpm/react-native-web@0.19.13_react-dom@18.3.1_react@18.3.1__react@18.3.1/node_modules/react-native-web/dist/vendor/react-native/Animated/createAnimatedComponent.js:25:44)
  Background (node_modules/.pnpm/@react-navigation+elements@2.9.3_@react-navigation+native@7.0.15_react-native@0.76.7_@b_0237228f7f6aaea362361718be625dd7/node_modules/@react-navigation/elements/lib/module/Background.js:8:2)
  Screen (node_modules/.pnpm/@react-navigation+elements@2.9.3_@react-navigation+native@7.0.15_react-native@0.76.7_@b_0237228f7f6aaea362361718be625dd7/node_modules/@react-navigation/elements/lib/module/Screen.js:14:34)
  hrefAttrs (node_modules/.pnpm/react-native-web@0.19.13_react-dom@18.3.1_react@18.3.1__react@18.3.1/node_modules/react-native-web/dist/exports/View/index.js:35:24)
  FrameSizeProvider (node_modules/.pnpm/@react-navigation+elements@2.9.3_@react-navigation+native@7.0.15_react-native@0.76.7_@b_0237228f7f6aaea362361718be625dd7/node_modules/@react-navigation/elements/lib/module/useFrameSize.js:18:2)
  SafeAreaProviderCompat (node_modules/.pnpm/@react-navigation+elements@2.9.3_@react-navigation+native@7.0.15_react-native@0.76.7_@b_0237228f7f6aaea362361718be625dd7/node_modules/@react-navigation/elements/lib/module/SafeAreaProviderCompat.js:31:2)
  NativeStackView (node_modules/.pnpm/@react-navigation+native-stack@7.2.1_@react-navigation+native@7.0.15_react-native@0.76._acffa41cdd09c3e5cbcec81480cc8a96/node_modules/@react-navigation/native-stack/lib/commonjs/views/NativeStackView.js:17:2)
  PreventRemoveProvider (node_modules/.pnpm/@react-navigation+core@7.4.0_react@18.3.1/node_modules/@react-navigation/core/lib/commonjs/PreventRemoveProvider.js:38:2)
  NavigationContent (node_modules/.pnpm/@react-navigation+core@7.4.0_react@18.3.1/node_modules/@react-navigation/core/lib/commonjs/useComponent.js:12:2)
  children (node_modules/.pnpm/@react-navigation+core@7.4.0_react@18.3.1/node_modules/@react-navigation/core/lib/commonjs/useComponent.js:28:4)
  NativeStackNavigator (node_modules/.pnpm/@react-navigation+native-stack@7.2.1_@react-navigation+native@7.0.15_react-native@0.76._acffa41cdd09c3e5cbcec81480cc8a96/node_modules/@react-navigation/native-stack/lib/commonjs/navigators/createNativeStackNavigator.js:14:2)
  userDefinedChildren (node_modules/.pnpm/expo-router@4.0.17_4ac4db59f81c99dbed58bb7f7ca8960b/node_modules/expo-router/build/layouts/withLayoutContext.js:75:62)
  ThemeProvider (node_modules/.pnpm/@react-navigation+core@7.4.0_react@18.3.1/node_modules/@react-navigation/core/lib/commonjs/theming/ThemeProvider.js:13:2)
  RootLayout (app/_layout.web.tsx:15:36)
  Route (node_modules/.pnpm/expo-router@4.0.17_4ac4db59f81c99dbed58bb7f7ca8960b/node_modules/expo-router/build/Route.js:52:17)
  route (node_modules/.pnpm/expo-router@4.0.17_4ac4db59f81c99dbed58bb7f7ca8960b/node_modules/expo-router/build/useScreens.js:128:4)
  hrefAttrs (node_modules/.pnpm/react-native-web@0.19.13_react-dom@18.3.1_react@18.3.1__react@18.3.1/node_modules/react-native-web/dist/exports/View/index.js:35:24)
  NativeSafeAreaProvider (node_modules/.pnpm/react-native-safe-area-context@4.12.0_react-native@0.76.7_@babel+core@7.26.9_@babel+pre_3d34cde14eab38e7711a23ea2394f188/node_modules/react-native-safe-area-context/lib/commonjs/NativeSafeAreaProvider.web.js:29:2)
  SafeAreaProvider (node_modules/.pnpm/react-native-safe-area-context@4.12.0_react-native@0.76.7_@babel+core@7.26.9_@babel+pre_3d34cde14eab38e7711a23ea2394f188/node_modules/react-native-safe-area-context/lib/commonjs/SafeAreaContext.js:28:2)
  Html (node_modules/.pnpm/expo-router@4.0.17_4ac4db59f81c99dbed58bb7f7ca8960b/node_modules/expo-router/build/static/html.js:23:16)
  wrapper (node_modules/.pnpm/expo-router@4.0.17_4ac4db59f81c99dbed58bb7f7ca8960b/node_modules/expo-router/build/static/renderStaticContent.js:66:24)
  wrapper (node_modules/.pnpm/expo-router@4.0.17_4ac4db59f81c99dbed58bb7f7ca8960b/node_modules/expo-router/build/ExpoRoot.js:53:23)
  ThemeProvider (node_modules/.pnpm/@react-navigation+core@7.4.0_react@18.3.1/node_modules/@react-navigation/core/lib/commonjs/theming/ThemeProvider.js:13:2)
  EnsureSingleNavigator (node_modules/.pnpm/@react-navigation+core@7.4.0_react@18.3.1/node_modules/@react-navigation/core/lib/commonjs/EnsureSingleNavigator.js:19:2)
  BaseNavigationContainer (node_modules/.pnpm/@react-navigation+core@7.4.0_react@18.3.1/node_modules/@react-navigation/core/lib/commonjs/BaseNavigationContainer.js:79:2)
  NavigationContainerInner (node_modules/.pnpm/expo-router@4.0.17_4ac4db59f81c99dbed58bb7f7ca8960b/node_modules/expo-router/build/fork/NavigationContainer.js:32:36)
  ContextNavigator (node_modules/.pnpm/expo-router@4.0.17_4ac4db59f81c99dbed58bb7f7ca8960b/node_modules/expo-router/build/ExpoRoot.js:73:28)
  ExpoRoot (node_modules/.pnpm/expo-router@4.0.17_4ac4db59f81c99dbed58bb7f7ca8960b/node_modules/expo-router/build/ExpoRoot.js:47:29)
  AppContainer (../ shim:react-native-web/dist/exports/AppRegistry/AppContainer.js:4:24)
  ServerContainer (node_modules/.pnpm/@react-navigation+native@7.0.15_react-native@0.76.7_@babel+core@7.26.9_@babel+preset-en_7d4ae94349333a190bdc9d22bea4b579/node_modules/@react-navigation/native/lib/commonjs/ServerContainer.js:21:2)
  _HelmetProvider (node_modules/.pnpm/react-native-helmet-async@2.0.4_react@18.3.1/node_modules/react-native-helmet-async/lib/index.js:483:4)
λ  WARN  props.pointerEvents is deprecated. Use style.pointerEvents
Web Bundled 636ms node_modules/.pnpm/expo-router@4.0.17_4ac4db59f81c99dbed58bb7f7ca8960b/node_modules/expo-router/entry.js (1 module)
Web Bundled 91ms node_modules/.pnpm/expo-router@4.0.17_4ac4db59f81c99dbed58bb7f7ca8960b/node_modules/expo-router/entry.js (1 module)
 LOG  [web] Logs will appear in the browser console
