// Jest Snapshot v1, https://goo.gl/fbAQLP

exports[`PredictionSummary renders correctly 1`] = `
[
  <View
    style={
      [
        {
          "backgroundColor": "#F1FAEE",
        },
        {
          "borderRadius": 8,
          "marginBottom": 12,
          "padding": 5,
        },
      ]
    }
  >
    <Text
      style={
        [
          {
            "color": "#1D3557",
          },
          undefined,
          undefined,
          undefined,
          {
            "fontSize": 20,
            "fontWeight": "bold",
          },
          undefined,
          {
            "color": "#123",
            "marginBottom": 10,
            "marginTop": 15,
          },
        ]
      }
    >
      Predicted Periods
    </Text>
    <View
      accessibilityLabel="Predicted period starting 1 Jan, in 5 days, ending 5 Jan"
      accessible={true}
      style={
        [
          {
            "backgroundColor": "#F1FAEE",
          },
          [
            {
              "borderRadius": 8,
              "marginBottom": 8,
              "padding": 12,
            },
            {
              "borderColor": "#000",
              "borderWidth": 1,
            },
          ],
        ]
      }
    >
      <Text
        style={
          [
            {
              "color": "#1D3557",
            },
            {
              "fontSize": 16,
              "lineHeight": 24,
            },
            undefined,
            undefined,
            undefined,
            undefined,
            {
              "color": "#000",
            },
          ]
        }
      >
        1 Jan
        <Text
          style={
            [
              {
                "color": "#1D3557",
              },
              {
                "fontSize": 16,
                "lineHeight": 24,
              },
              undefined,
              undefined,
              undefined,
              undefined,
              {
                "color": "#000",
                "fontWeight": "bold",
              },
            ]
          }
        >
           (in 5 days)
        </Text>
      </Text>
      <Text
        style={
          [
            {
              "color": "#1D3557",
            },
            {
              "fontSize": 16,
              "lineHeight": 24,
            },
            undefined,
            undefined,
            undefined,
            undefined,
            {
              "color": "#000",
              "fontSize": 12,
              "marginTop": 5,
            },
          ]
        }
      >
        1 Jan
         -
        5 Jan
      </Text>
    </View>
    <View
      accessibilityLabel="Predicted period starting 1 Feb, in 36 days, ending 5 Feb"
      accessible={true}
      style={
        [
          {
            "backgroundColor": "#F1FAEE",
          },
          [
            {
              "borderRadius": 8,
              "marginBottom": 8,
              "padding": 12,
            },
            {
              "borderColor": "#000",
              "borderWidth": 1,
            },
          ],
        ]
      }
    >
      <Text
        style={
          [
            {
              "color": "#1D3557",
            },
            {
              "fontSize": 16,
              "lineHeight": 24,
            },
            undefined,
            undefined,
            undefined,
            undefined,
            {
              "color": "#000",
            },
          ]
        }
      >
        1 Feb
        <Text
          style={
            [
              {
                "color": "#1D3557",
              },
              {
                "fontSize": 16,
                "lineHeight": 24,
              },
              undefined,
              undefined,
              undefined,
              undefined,
              {
                "color": "#000",
                "fontWeight": "bold",
              },
            ]
          }
        >
           (in 36 days)
        </Text>
      </Text>
      <Text
        style={
          [
            {
              "color": "#1D3557",
            },
            {
              "fontSize": 16,
              "lineHeight": 24,
            },
            undefined,
            undefined,
            undefined,
            undefined,
            {
              "color": "#000",
              "fontSize": 12,
              "marginTop": 5,
            },
          ]
        }
      >
        1 Feb
         -
        5 Feb
      </Text>
    </View>
  </View>,
  <View
    style={
      [
        {
          "backgroundColor": "#F1FAEE",
        },
        {
          "borderRadius": 8,
          "marginBottom": 12,
          "padding": 5,
        },
      ]
    }
  >
    <Text
      style={
        [
          {
            "color": "#1D3557",
          },
          undefined,
          undefined,
          undefined,
          {
            "fontSize": 20,
            "fontWeight": "bold",
          },
          undefined,
          {
            "color": "#123",
            "marginBottom": 10,
          },
        ]
      }
    >
      Predicted Ovulations
    </Text>
    <View
      accessibilityLabel="Ovulation on 14 Jan, in 18 days. Fertile window from 9 Jan to 14 Jan"
      accessible={true}
      style={
        [
          {
            "backgroundColor": "#F1FAEE",
          },
          [
            {
              "borderRadius": 8,
              "marginBottom": 8,
              "padding": 12,
            },
            {
              "borderColor": "#000",
              "borderWidth": 1,
            },
          ],
        ]
      }
    >
      <Text
        style={
          [
            {
              "color": "#1D3557",
            },
            {
              "fontSize": 16,
              "lineHeight": 24,
            },
            undefined,
            undefined,
            undefined,
            undefined,
            {
              "color": "#000",
            },
          ]
        }
      >
        Ovulation:
        14 Jan
        <Text
          style={
            [
              {
                "color": "#1D3557",
              },
              {
                "fontSize": 16,
                "lineHeight": 24,
              },
              undefined,
              undefined,
              undefined,
              undefined,
              {
                "color": "#000",
                "fontWeight": "bold",
              },
            ]
          }
        >
           (in 18 days)
        </Text>
      </Text>
      <Text
        style={
          [
            {
              "color": "#1D3557",
            },
            {
              "fontSize": 16,
              "lineHeight": 24,
            },
            undefined,
            undefined,
            undefined,
            undefined,
            {
              "color": "#000",
              "fontSize": 12,
              "marginTop": 5,
            },
          ]
        }
      >
        Fertile Window:
        9 Jan
         -
        14 Jan
      </Text>
    </View>
    <View
      accessibilityLabel="Ovulation on 14 Feb, in 49 days. Fertile window from 9 Feb to 14 Feb"
      accessible={true}
      style={
        [
          {
            "backgroundColor": "#F1FAEE",
          },
          [
            {
              "borderRadius": 8,
              "marginBottom": 8,
              "padding": 12,
            },
            {
              "borderColor": "#000",
              "borderWidth": 1,
            },
          ],
        ]
      }
    >
      <Text
        style={
          [
            {
              "color": "#1D3557",
            },
            {
              "fontSize": 16,
              "lineHeight": 24,
            },
            undefined,
            undefined,
            undefined,
            undefined,
            {
              "color": "#000",
            },
          ]
        }
      >
        Ovulation:
        14 Feb
        <Text
          style={
            [
              {
                "color": "#1D3557",
              },
              {
                "fontSize": 16,
                "lineHeight": 24,
              },
              undefined,
              undefined,
              undefined,
              undefined,
              {
                "color": "#000",
                "fontWeight": "bold",
              },
            ]
          }
        >
           (in 49 days)
        </Text>
      </Text>
      <Text
        style={
          [
            {
              "color": "#1D3557",
            },
            {
              "fontSize": 16,
              "lineHeight": 24,
            },
            undefined,
            undefined,
            undefined,
            undefined,
            {
              "color": "#000",
              "fontSize": 12,
              "marginTop": 5,
            },
          ]
        }
      >
        Fertile Window:
        9 Feb
         -
        14 Feb
      </Text>
    </View>
  </View>,
]
`;
